Component: ARM Compiler 5.06 update 7 (build 960) Tool: armlink [4d3601]

==============================================================================

Section Cross References

    startup_stm32h723xx.o(STACK) refers (Special) to heapauxi.o(.text) for __use_two_region_memory
    startup_stm32h723xx.o(HEAP) refers (Special) to heapauxi.o(.text) for __use_two_region_memory
    startup_stm32h723xx.o(RESET) refers (Special) to heapauxi.o(.text) for __use_two_region_memory
    startup_stm32h723xx.o(RESET) refers to startup_stm32h723xx.o(STACK) for __initial_sp
    startup_stm32h723xx.o(RESET) refers to startup_stm32h723xx.o(.text) for Reset_Handler
    startup_stm32h723xx.o(RESET) refers to stm32h7xx_it.o(i.NMI_Handler) for NMI_Handler
    startup_stm32h723xx.o(RESET) refers to stm32h7xx_it.o(i.HardFault_Handler) for HardFault_Handler
    startup_stm32h723xx.o(RESET) refers to stm32h7xx_it.o(i.MemManage_Handler) for MemManage_Handler
    startup_stm32h723xx.o(RESET) refers to stm32h7xx_it.o(i.BusFault_Handler) for BusFault_Handler
    startup_stm32h723xx.o(RESET) refers to stm32h7xx_it.o(i.UsageFault_Handler) for UsageFault_Handler
    startup_stm32h723xx.o(RESET) refers to port.o(.emb_text) for SVC_Handler
    startup_stm32h723xx.o(RESET) refers to stm32h7xx_it.o(i.DebugMon_Handler) for DebugMon_Handler
    startup_stm32h723xx.o(RESET) refers to port.o(i.SysTick_Handler) for SysTick_Handler
    startup_stm32h723xx.o(RESET) refers to stm32h7xx_it.o(i.DMA1_Stream0_IRQHandler) for DMA1_Stream0_IRQHandler
    startup_stm32h723xx.o(RESET) refers to stm32h7xx_it.o(i.DMA1_Stream1_IRQHandler) for DMA1_Stream1_IRQHandler
    startup_stm32h723xx.o(RESET) refers to stm32h7xx_it.o(i.FDCAN1_IT0_IRQHandler) for FDCAN1_IT0_IRQHandler
    startup_stm32h723xx.o(RESET) refers to stm32h7xx_it.o(i.FDCAN2_IT0_IRQHandler) for FDCAN2_IT0_IRQHandler
    startup_stm32h723xx.o(RESET) refers to stm32h7xx_it.o(i.TIM2_IRQHandler) for TIM2_IRQHandler
    startup_stm32h723xx.o(RESET) refers to stm32h7xx_it.o(i.SPI2_IRQHandler) for SPI2_IRQHandler
    startup_stm32h723xx.o(RESET) refers to stm32h7xx_it.o(i.FDCAN3_IT0_IRQHandler) for FDCAN3_IT0_IRQHandler
    startup_stm32h723xx.o(.text) refers (Special) to heapauxi.o(.text) for __use_two_region_memory
    startup_stm32h723xx.o(.text) refers to system_stm32h7xx.o(i.ExitRun0Mode) for ExitRun0Mode
    startup_stm32h723xx.o(.text) refers to system_stm32h7xx.o(i.SystemInit) for SystemInit
    startup_stm32h723xx.o(.text) refers to __main.o(!!!main) for __main
    startup_stm32h723xx.o(.text) refers to startup_stm32h723xx.o(HEAP) for Heap_Mem
    startup_stm32h723xx.o(.text) refers to startup_stm32h723xx.o(STACK) for Stack_Mem
    main.o(i.HAL_TIM_PeriodElapsedCallback) refers to stm32h7xx_hal.o(i.HAL_IncTick) for HAL_IncTick
    main.o(i.PeriphCommonClock_Config) refers to rt_memclr_w.o(.text) for __aeabi_memclr4
    main.o(i.PeriphCommonClock_Config) refers to stm32h7xx_hal_rcc_ex.o(i.HAL_RCCEx_PeriphCLKConfig) for HAL_RCCEx_PeriphCLKConfig
    main.o(i.PeriphCommonClock_Config) refers to main.o(i.Error_Handler) for Error_Handler
    main.o(i.SystemClock_Config) refers to rt_memclr_w.o(.text) for __aeabi_memclr4
    main.o(i.SystemClock_Config) refers to stm32h7xx_hal_pwr_ex.o(i.HAL_PWREx_ConfigSupply) for HAL_PWREx_ConfigSupply
    main.o(i.SystemClock_Config) refers to stm32h7xx_hal_rcc.o(i.HAL_RCC_OscConfig) for HAL_RCC_OscConfig
    main.o(i.SystemClock_Config) refers to main.o(i.Error_Handler) for Error_Handler
    main.o(i.SystemClock_Config) refers to stm32h7xx_hal_rcc.o(i.HAL_RCC_ClockConfig) for HAL_RCC_ClockConfig
    main.o(i.main) refers to stm32h7xx_hal.o(i.HAL_Init) for HAL_Init
    main.o(i.main) refers to main.o(i.SystemClock_Config) for SystemClock_Config
    main.o(i.main) refers to main.o(i.PeriphCommonClock_Config) for PeriphCommonClock_Config
    main.o(i.main) refers to gpio.o(i.MX_GPIO_Init) for MX_GPIO_Init
    main.o(i.main) refers to dma.o(i.MX_DMA_Init) for MX_DMA_Init
    main.o(i.main) refers to fdcan.o(i.MX_FDCAN1_Init) for MX_FDCAN1_Init
    main.o(i.main) refers to spi.o(i.MX_SPI2_Init) for MX_SPI2_Init
    main.o(i.main) refers to fdcan.o(i.MX_FDCAN2_Init) for MX_FDCAN2_Init
    main.o(i.main) refers to fdcan.o(i.MX_FDCAN3_Init) for MX_FDCAN3_Init
    main.o(i.main) refers to tim.o(i.MX_TIM3_Init) for MX_TIM3_Init
    main.o(i.main) refers to bsp_dwt.o(i.DWT_Init) for DWT_Init
    main.o(i.main) refers to stm32h7xx_hal_tim.o(i.HAL_TIM_PWM_Start) for HAL_TIM_PWM_Start
    main.o(i.main) refers to bmi088driver.o(i.BMI088_init) for BMI088_init
    main.o(i.main) refers to bsp_can.o(i.BSP_FDCAN1_Init) for BSP_FDCAN1_Init
    main.o(i.main) refers to bsp_can.o(i.BSP_FDCAN2_Init) for BSP_FDCAN2_Init
    main.o(i.main) refers to stm32h7xx_hal_gpio.o(i.HAL_GPIO_WritePin) for HAL_GPIO_WritePin
    main.o(i.main) refers to freertos.o(i.MX_FREERTOS_Init) for MX_FREERTOS_Init
    main.o(i.main) refers to cmsis_os.o(i.osKernelStart) for osKernelStart
[...]
    DMA2_Stream7_IRQHandler                  0x0800048b   Thumb Code     0  startup_stm32h723xx.o(.text)
    DMAMUX1_OVR_IRQHandler                   0x0800048b   Thumb Code     0  startup_stm32h723xx.o(.text)
    DMAMUX2_OVR_IRQHandler                   0x0800048b   Thumb Code     0  startup_stm32h723xx.o(.text)
    DTS_IRQHandler                           0x0800048b   Thumb Code     0  startup_stm32h723xx.o(.text)
    ECC_IRQHandler                           0x0800048b   Thumb Code     0  startup_stm32h723xx.o(.text)
    ETH_IRQHandler                           0x0800048b   Thumb Code     0  startup_stm32h723xx.o(.text)
    ETH_WKUP_IRQHandler                      0x0800048b   Thumb Code     0  startup_stm32h723xx.o(.text)
    EXTI0_IRQHandler                         0x0800048b   Thumb Code     0  startup_stm32h723xx.o(.text)
    EXTI15_10_IRQHandler                     0x0800048b   Thumb Code     0  startup_stm32h723xx.o(.text)
    EXTI1_IRQHandler                         0x0800048b   Thumb Code     0  startup_stm32h723xx.o(.text)
    EXTI2_IRQHandler                         0x0800048b   Thumb Code     0  startup_stm32h723xx.o(.text)
    EXTI3_IRQHandler                         0x0800048b   Thumb Code     0  startup_stm32h723xx.o(.text)
    EXTI4_IRQHandler                         0x0800048b   Thumb Code     0  startup_stm32h723xx.o(.text)
    EXTI9_5_IRQHandler                       0x0800048b   Thumb Code     0  startup_stm32h723xx.o(.text)
    FDCAN1_IT1_IRQHandler                    0x0800048b   Thumb Code     0  startup_stm32h723xx.o(.text)
    FDCAN2_IT1_IRQHandler                    0x0800048b   Thumb Code     0  startup_stm32h723xx.o(.text)
    FDCAN3_IT1_IRQHandler                    0x0800048b   Thumb Code     0  startup_stm32h723xx.o(.text)
    FDCAN_CAL_IRQHandler                     0x0800048b   Thumb Code     0  startup_stm32h723xx.o(.text)
    FLASH_IRQHandler                         0x0800048b   Thumb Code     0  startup_stm32h723xx.o(.text)
    FMAC_IRQHandler                          0x0800048b   Thumb Code     0  startup_stm32h723xx.o(.text)
    FMC_IRQHandler                           0x0800048b   Thumb Code     0  startup_stm32h723xx.o(.text)
    FPU_IRQHandler                           0x0800048b   Thumb Code     0  startup_stm32h723xx.o(.text)
    HSEM1_IRQHandler                         0x0800048b   Thumb Code     0  startup_stm32h723xx.o(.text)
    I2C1_ER_IRQHandler                       0x0800048b   Thumb Code     0  startup_stm32h723xx.o(.text)
    I2C1_EV_IRQHandler                       0x0800048b   Thumb Code     0  startup_stm32h723xx.o(.text)
    I2C2_ER_IRQHandler                       0x0800048b   Thumb Code     0  startup_stm32h723xx.o(.text)
    I2C2_EV_IRQHandler                       0x0800048b   Thumb Code     0  startup_stm32h723xx.o(.text)
    I2C3_ER_IRQHandler                       0x0800048b   Thumb Code     0  startup_stm32h723xx.o(.text)
    I2C3_EV_IRQHandler                       0x0800048b   Thumb Code     0  startup_stm32h723xx.o(.text)
    I2C4_ER_IRQHandler                       0x0800048b   Thumb Code     0  startup_stm32h723xx.o(.text)
    I2C4_EV_IRQHandler                       0x0800048b   Thumb Code     0  startup_stm32h723xx.o(.text)
    I2C5_ER_IRQHandler                       0x0800048b   Thumb Code     0  startup_stm32h723xx.o(.text)
    I2C5_EV_IRQHandler                       0x0800048b   Thumb Code     0  startup_stm32h723xx.o(.text)
    LPTIM1_IRQHandler                        0x0800048b   Thumb Code     0  startup_stm32h723xx.o(.text)
    LPTIM2_IRQHandler                        0x0800048b   Thumb Code     0  startup_stm32h723xx.o(.text)
    LPTIM3_IRQHandler                        0x0800048b   Thumb Code     0  startup_stm32h723xx.o(.text)
    LPTIM4_IRQHandler                        0x0800048b   Thumb Code     0  startup_stm32h723xx.o(.text)
    LPTIM5_IRQHandler                        0x0800048b   Thumb Code     0  startup_stm32h723xx.o(.text)
    LPUART1_IRQHandler                       0x0800048b   Thumb Code     0  startup_stm32h723xx.o(.text)
    LTDC_ER_IRQHandler                       0x0800048b   Thumb Code     0  startup_stm32h723xx.o(.text)
    LTDC_IRQHandler                          0x0800048b   Thumb Code     0  startup_stm32h723xx.o(.text)
    MDIOS_IRQHandler                         0x0800048b   Thumb Code     0  startup_stm32h723xx.o(.text)
    MDIOS_WKUP_IRQHandler                    0x0800048b   Thumb Code     0  startup_stm32h723xx.o(.text)
    MDMA_IRQHandler                          0x0800048b   Thumb Code     0  startup_stm32h723xx.o(.text)
    OCTOSPI1_IRQHandler                      0x0800048b   Thumb Code     0  startup_stm32h723xx.o(.text)
    OCTOSPI2_IRQHandler                      0x0800048b   Thumb Code     0  startup_stm32h723xx.o(.text)
    OTG_HS_EP1_IN_IRQHandler                 0x0800048b   Thumb Code     0  startup_stm32h723xx.o(.text)
    OTG_HS_EP1_OUT_IRQHandler                0x0800048b   Thumb Code     0  startup_stm32h723xx.o(.text)
    OTG_HS_IRQHandler                        0x0800048b   Thumb Code     0  startup_stm32h723xx.o(.text)
    OTG_HS_WKUP_IRQHandler                   0x0800048b   Thumb Code     0  startup_stm32h723xx.o(.text)
    PVD_AVD_IRQHandler                       0x0800048b   Thumb Code     0  startup_stm32h723xx.o(.text)
    RCC_IRQHandler                           0x0800048b   Thumb Code     0  startup_stm32h723xx.o(.text)
    RNG_IRQHandler                           0x0800048b   Thumb Code     0  startup_stm32h723xx.o(.text)
    RTC_Alarm_IRQHandler                     0x0800048b   Thumb Code     0  startup_stm32h723xx.o(.text)
    RTC_WKUP_IRQHandler                      0x0800048b   Thumb Code     0  startup_stm32h723xx.o(.text)
    SAI1_IRQHandler                          0x0800048b   Thumb Code     0  startup_stm32h723xx.o(.text)
    SAI4_IRQHandler                          0x0800048b   Thumb Code     0  startup_stm32h723xx.o(.text)
    SDMMC1_IRQHandler                        0x0800048b   Thumb Code     0  startup_stm32h723xx.o(.text)
    SDMMC2_IRQHandler                        0x0800048b   Thumb Code     0  startup_stm32h723xx.o(.text)
    SPDIF_RX_IRQHandler                      0x0800048b   Thumb Code     0  startup_stm32h723xx.o(.text)
    SPI1_IRQHandler                          0x0800048b   Thumb Code     0  startup_stm32h723xx.o(.text)
    SPI3_IRQHandler                          0x0800048b   Thumb Code     0  startup_stm32h723xx.o(.text)
    SPI4_IRQHandler                          0x0800048b   Thumb Code     0  startup_stm32h723xx.o(.text)
    SPI5_IRQHandler                          0x0800048b   Thumb Code     0  startup_stm32h723xx.o(.text)
    SPI6_IRQHandler                          0x0800048b   Thumb Code     0  startup_stm32h723xx.o(.text)
    SWPMI1_IRQHandler                        0x0800048b   Thumb Code     0  startup_stm32h723xx.o(.text)
    TAMP_STAMP_IRQHandler                    0x0800048b   Thumb Code     0  startup_stm32h723xx.o(.text)
    TIM15_IRQHandler                         0x0800048b   Thumb Code     0  startup_stm32h723xx.o(.text)
    TIM16_IRQHandler                         0x0800048b   Thumb Code     0  startup_stm32h723xx.o(.text)
    TIM17_IRQHandler                         0x0800048b   Thumb Code     0  startup_stm32h723xx.o(.text)
    TIM1_BRK_IRQHandler                      0x0800048b   Thumb Code     0  startup_stm32h723xx.o(.text)
    TIM1_CC_IRQHandler                       0x0800048b   Thumb Code     0  startup_stm32h723xx.o(.text)
    TIM1_TRG_COM_IRQHandler                  0x0800048b   Thumb Code     0  startup_stm32h723xx.o(.text)
    TIM1_UP_IRQHandler                       0x0800048b   Thumb Code     0  startup_stm32h723xx.o(.text)
    TIM23_IRQHandler                         0x0800048b   Thumb Code     0  startup_stm32h723xx.o(.text)
    TIM24_IRQHandler                         0x0800048b   Thumb Code     0  startup_stm32h723xx.o(.text)
    TIM3_IRQHandler                          0x0800048b   Thumb Code     0  startup_stm32h723xx.o(.text)
    TIM4_IRQHandler                          0x0800048b   Thumb Code     0  startup_stm32h723xx.o(.text)
    TIM5_IRQHandler                          0x0800048b   Thumb Code     0  startup_stm32h723xx.o(.text)
    TIM6_DAC_IRQHandler                      0x0800048b   Thumb Code     0  startup_stm32h723xx.o(.text)
    TIM7_IRQHandler                          0x0800048b   Thumb Code     0  startup_stm32h723xx.o(.text)
    TIM8_BRK_TIM12_IRQHandler                0x0800048b   Thumb Code     0  startup_stm32h723xx.o(.text)
    TIM8_CC_IRQHandler                       0x0800048b   Thumb Code     0  startup_stm32h723xx.o(.text)
    TIM8_TRG_COM_TIM14_IRQHandler            0x0800048b   Thumb Code     0  startup_stm32h723xx.o(.text)
    TIM8_UP_TIM13_IRQHandler                 0x0800048b   Thumb Code     0  startup_stm32h723xx.o(.text)
    UART4_IRQHandler                         0x0800048b   Thumb Code     0  startup_stm32h723xx.o(.text)
    UART5_IRQHandler                         0x0800048b   Thumb Code     0  startup_stm32h723xx.o(.text)
    UART7_IRQHandler                         0x0800048b   Thumb Code     0  startup_stm32h723xx.o(.text)
    UART8_IRQHandler                         0x0800048b   Thumb Code     0  startup_stm32h723xx.o(.text)
    UART9_IRQHandler                         0x0800048b   Thumb Code     0  startup_stm32h723xx.o(.text)
    USART10_IRQHandler                       0x0800048b   Thumb Code     0  startup_stm32h723xx.o(.text)
    USART1_IRQHandler                        0x0800048b   Thumb Code     0  startup_stm32h723xx.o(.text)
    USART2_IRQHandler                        0x0800048b   Thumb Code     0  startup_stm32h723xx.o(.text)
    USART3_IRQHandler                        0x0800048b   Thumb Code     0  startup_stm32h723xx.o(.text)
    USART6_IRQHandler                        0x0800048b   Thumb Code     0  startup_stm32h723xx.o(.text)
    WAKEUP_PIN_IRQHandler                    0x0800048b   Thumb Code     0  startup_stm32h723xx.o(.text)
    WWDG_IRQHandler                          0x0800048b   Thumb Code     0  startup_stm32h723xx.o(.text)
    __user_initial_stackheap                 0x0800048d   Thumb Code     0  startup_stm32h723xx.o(.text)
    __aeabi_uldivmod                         0x080004b5   Thumb Code     0  lludivv7m.o(.text)
    _ll_udiv                                 0x080004b5   Thumb Code   238  lludivv7m.o(.text)
    __aeabi_memcpy4                          0x080005a3   Thumb Code     0  rt_memcpy_w.o(.text)
    __aeabi_memcpy8                          0x080005a3   Thumb Code     0  rt_memcpy_w.o(.text)
    __rt_memcpy_w                            0x080005a3   Thumb Code   100  rt_memcpy_w.o(.text)
    _memcpy_lastbytes_aligned                0x080005eb   Thumb Code     0  rt_memcpy_w.o(.text)
    __aeabi_memclr4                          0x08000607   Thumb Code     0  rt_memclr_w.o(.text)
    __aeabi_memclr8                          0x08000607   Thumb Code     0  rt_memclr_w.o(.text)
    __rt_memclr_w                            0x08000607   Thumb Code    78  rt_memclr_w.o(.text)
    _memset_w                                0x0800060b   Thumb Code     0  rt_memclr_w.o(.text)
    __use_two_region_memory                  0x08000655   Thumb Code     2  heapauxi.o(.text)
    __rt_heap_escrow                         0x08000657   Thumb Code     2  heapauxi.o(.text)
    __rt_heap_expand                         0x08000659   Thumb Code     2  heapauxi.o(.text)
    __read_errno                             0x0800065b   Thumb Code    10  _rserrno.o(.text)
    __set_errno                              0x08000665   Thumb Code    12  _rserrno.o(.text)
    __user_libspace                          0x08000671   Thumb Code     8  libspace.o(.text)
    __user_perproc_libspace                  0x08000671   Thumb Code     0  libspace.o(.text)
    __user_perthread_libspace                0x08000671   Thumb Code     0  libspace.o(.text)
    __aeabi_errno_addr                       0x08000679   Thumb Code     8  rt_errno_addr_intlibspace.o(.text)
    __errno$intlibspace                      0x08000679   Thumb Code     0  rt_errno_addr_intlibspace.o(.text)
    __rt_errno_addr$intlibspace              0x08000679   Thumb Code     0  rt_errno_addr_intlibspace.o(.text)
    __I$use$semihosting                      0x08000681   Thumb Code     0  use_no_semi.o(.text)
    __use_no_semihosting_swi                 0x08000681   Thumb Code     2  use_no_semi.o(.text)
    __semihosting_library_function           0x08000683   Thumb Code     0  indicate_semi.o(.text)
    __user_setup_stackheap                   0x08000683   Thumb Code    74  sys_stackheap_outer.o(.text)
    exit                                     0x080006cd   Thumb Code    18  exit.o(.text)
    _sys_exit                                0x080006e1   Thumb Code     8  sys_exit.o(.text)
    arm_cos_f32                              0x080006ed   Thumb Code   144  arm_cos_f32.o(.text.arm_cos_f32)
    arm_sin_f32                              0x0800077d   Thumb Code   140  arm_sin_f32.o(.text.arm_sin_f32)
    BMI088_ACCEL_NS_H                        0x08000809   Thumb Code    14  bmi088middleware.o(i.BMI088_ACCEL_NS_H)
    BMI088_ACCEL_NS_L                        0x0800081d   Thumb Code    14  bmi088middleware.o(i.BMI088_ACCEL_NS_L)
    BMI088_GYRO_NS_H                         0x08000831   Thumb Code    14  bmi088middleware.o(i.BMI088_GYRO_NS_H)
    BMI088_GYRO_NS_L                         0x08000845   Thumb Code    14  bmi088middleware.o(i.BMI088_GYRO_NS_L)
    BMI088_Read                              0x08000859   Thumb Code   794  bmi088driver.o(i.BMI088_Read)
    BMI088_init                              0x08000b89   Thumb Code   142  bmi088driver.o(i.BMI088_init)
    BMI088_read_write_byte                   0x08000c89   Thumb Code    30  bmi088middleware.o(i.BMI088_read_write_byte)
    BSP_FDCAN1_Init                          0x08000cc1   Thumb Code    68  bsp_can.o(i.BSP_FDCAN1_Init)
    BSP_FDCAN2_Init                          0x08000d09   Thumb Code    66  bsp_can.o(i.BSP_FDCAN2_Init)
    BodyFrameToEarthFrame                    0x08000d51   Thumb Code   346  ins_task.o(i.BodyFrameToEarthFrame)
    BusFault_Handler                         0x08000eab   Thumb Code     4  stm32h7xx_it.o(i.BusFault_Handler)
    CHASSISL_Task                            0x08000eaf   Thumb Code    14  freertos.o(i.CHASSISL_Task)
    CHASSISR_Task                            0x08000ebd   Thumb Code    14  freertos.o(i.CHASSISR_Task)
    ChassisL_init                            0x08001541   Thumb Code    34  chassisl_task.o(i.ChassisL_init)
    ChassisL_task                            0x08001571   Thumb Code   336  chassisl_task.o(i.ChassisL_task)
    ChassisR_init                            0x080016e5   Thumb Code    58  chassisr_task.o(i.ChassisR_init)
    ChassisR_task                            0x08001731   Thumb Code   422  chassisr_task.o(i.ChassisR_task)
    DMA1_Stream0_IRQHandler                  0x0800191d   Thumb Code    10  stm32h7xx_it.o(i.DMA1_Stream0_IRQHandler)
    DMA1_Stream1_IRQHandler                  0x0800192d   Thumb Code    10  stm32h7xx_it.o(i.DMA1_Stream1_IRQHandler)
    DM_Motor_CAN_TxMessage_4310              0x08001c35   Thumb Code   538  motor.o(i.DM_Motor_CAN_TxMessage_4310)
    DM_Motor_CAN_TxMessage_6215              0x08001e6d   Thumb Code   538  motor.o(i.DM_Motor_CAN_TxMessage_6215)
    DM_Motor_Command                         0x080020ad   Thumb Code   110  motor.o(i.DM_Motor_Command)
    DM_Motor_Info_Update_4310                0x0800211b   Thumb Code   146  motor.o(i.DM_Motor_Info_Update_4310)
    DM_Motor_Info_Update_6215                0x080021ad   Thumb Code   146  motor.o(i.DM_Motor_Info_Update_6215)
    DWT_Delay                                0x080022a1   Thumb Code    50  bsp_dwt.o(i.DWT_Delay)
    DWT_GetDeltaT                            0x080022dd   Thumb Code    68  bsp_dwt.o(i.DWT_GetDeltaT)
    DWT_GetTimeline_s                        0x08002329   Thumb Code    72  bsp_dwt.o(i.DWT_GetTimeline_s)
    DWT_Init                                 0x0800237d   Thumb Code    74  bsp_dwt.o(i.DWT_Init)
    DWT_SysTimeUpdate                        0x080023e5   Thumb Code   168  bsp_dwt.o(i.DWT_SysTimeUpdate)
    DebugMon_Handler                         0x080024b5   Thumb Code     2  stm32h7xx_it.o(i.DebugMon_Handler)
    EarthFrameToBodyFrame                    0x080024b7   Thumb Code   346  ins_task.o(i.EarthFrameToBodyFrame)
    Error_Handler                            0x08002611   Thumb Code     6  main.o(i.Error_Handler)
    ExitRun0Mode                             0x08002619   Thumb Code    30  system_stm32h7xx.o(i.ExitRun0Mode)
    FDCAN1_IT0_IRQHandler                    0x0800263d   Thumb Code    10  stm32h7xx_it.o(i.FDCAN1_IT0_IRQHandler)
    FDCAN2_IT0_IRQHandler                    0x0800269d   Thumb Code    10  stm32h7xx_it.o(i.FDCAN2_IT0_IRQHandler)
    FDCAN3_IT0_IRQHandler                    0x080026fd   Thumb Code    10  stm32h7xx_it.o(i.FDCAN3_IT0_IRQHandler)
    HAL_DMA_Abort_IT                         0x080029fd   Thumb Code   906  stm32h7xx_hal_dma.o(i.HAL_DMA_Abort_IT)
    HAL_DMA_IRQHandler                       0x08002d95   Thumb Code  2798  stm32h7xx_hal_dma.o(i.HAL_DMA_IRQHandler)
    HAL_DMA_Init                             0x0800388d   Thumb Code  1292  stm32h7xx_hal_dma.o(i.HAL_DMA_Init)
    HAL_Delay                                0x08003da1   Thumb Code    36  stm32h7xx_hal.o(i.HAL_Delay)
    HAL_FDCAN_ActivateNotification           0x08003dc9   Thumb Code   158  stm32h7xx_hal_fdcan.o(i.HAL_FDCAN_ActivateNotification)
    HAL_FDCAN_AddMessageToTxFifoQ            0x08003e71   Thumb Code   144  stm32h7xx_hal_fdcan.o(i.HAL_FDCAN_AddMessageToTxFifoQ)
    HAL_FDCAN_ClockCalibrationCallback       0x08003f01   Thumb Code     2  stm32h7xx_hal_fdcan.o(i.HAL_FDCAN_ClockCalibrationCallback)
    HAL_FDCAN_ConfigFilter                   0x08003f03   Thumb Code   168  stm32h7xx_hal_fdcan.o(i.HAL_FDCAN_ConfigFilter)
    HAL_FDCAN_ConfigGlobalFilter             0x08003fab   Thumb Code    52  stm32h7xx_hal_fdcan.o(i.HAL_FDCAN_ConfigGlobalFilter)
    HAL_FDCAN_ErrorCallback                  0x08003fdf   Thumb Code     2  stm32h7xx_hal_fdcan.o(i.HAL_FDCAN_ErrorCallback)
    HAL_FDCAN_ErrorStatusCallback            0x08003fe1   Thumb Code     2  stm32h7xx_hal_fdcan.o(i.HAL_FDCAN_ErrorStatusCallback)
    HAL_FDCAN_GetRxMessage                   0x08003fe5   Thumb Code   494  stm32h7xx_hal_fdcan.o(i.HAL_FDCAN_GetRxMessage)
    HAL_FDCAN_HighPriorityMessageCallback    0x080041d9   Thumb Code     2  stm32h7xx_hal_fdcan.o(i.HAL_FDCAN_HighPriorityMessageCallback)
    HAL_FDCAN_IRQHandler                     0x080041dd   Thumb Code   966  stm32h7xx_hal_fdcan.o(i.HAL_FDCAN_IRQHandler)
    HAL_FDCAN_Init                           0x080045b1   Thumb Code   726  stm32h7xx_hal_fdcan.o(i.HAL_FDCAN_Init)
    HAL_FDCAN_MspInit                        0x08004891   Thumb Code   408  fdcan.o(i.HAL_FDCAN_MspInit)
    HAL_FDCAN_RxBufferNewMessageCallback     0x08004a45   Thumb Code     2  stm32h7xx_hal_fdcan.o(i.HAL_FDCAN_RxBufferNewMessageCallback)
    HAL_FDCAN_RxFifo0Callback                0x08004a49   Thumb Code    32  bsp_can.o(i.HAL_FDCAN_RxFifo0Callback)
    HAL_FDCAN_RxFifo1Callback                0x08004a6d   Thumb Code    32  bsp_can.o(i.HAL_FDCAN_RxFifo1Callback)
    HAL_FDCAN_Start                          0x08004a91   Thumb Code    52  stm32h7xx_hal_fdcan.o(i.HAL_FDCAN_Start)
    HAL_FDCAN_TT_GlobalTimeCallback          0x08004ac5   Thumb Code     2  stm32h7xx_hal_fdcan.o(i.HAL_FDCAN_TT_GlobalTimeCallback)
    HAL_FDCAN_TT_ScheduleSyncCallback        0x08004ac7   Thumb Code     2  stm32h7xx_hal_fdcan.o(i.HAL_FDCAN_TT_ScheduleSyncCallback)
    HAL_FDCAN_TT_StopWatchCallback           0x08004ac9   Thumb Code     2  stm32h7xx_hal_fdcan.o(i.HAL_FDCAN_TT_StopWatchCallback)
    HAL_FDCAN_TT_TimeMarkCallback            0x08004acb   Thumb Code     2  stm32h7xx_hal_fdcan.o(i.HAL_FDCAN_TT_TimeMarkCallback)
    HAL_FDCAN_TimeoutOccurredCallback        0x08004acd   Thumb Code     2  stm32h7xx_hal_fdcan.o(i.HAL_FDCAN_TimeoutOccurredCallback)
    HAL_FDCAN_TimestampWraparoundCallback    0x08004acf   Thumb Code     2  stm32h7xx_hal_fdcan.o(i.HAL_FDCAN_TimestampWraparoundCallback)
    HAL_FDCAN_TxBufferAbortCallback          0x08004ad1   Thumb Code     2  stm32h7xx_hal_fdcan.o(i.HAL_FDCAN_TxBufferAbortCallback)
    HAL_FDCAN_TxBufferCompleteCallback       0x08004ad3   Thumb Code     2  stm32h7xx_hal_fdcan.o(i.HAL_FDCAN_TxBufferCompleteCallback)
    HAL_FDCAN_TxEventFifoCallback            0x08004ad5   Thumb Code     2  stm32h7xx_hal_fdcan.o(i.HAL_FDCAN_TxEventFifoCallback)
    HAL_FDCAN_TxFifoEmptyCallback            0x08004ad7   Thumb Code     2  stm32h7xx_hal_fdcan.o(i.HAL_FDCAN_TxFifoEmptyCallback)
    HAL_GPIO_Init                            0x08004ad9   Thumb Code   446  stm32h7xx_hal_gpio.o(i.HAL_GPIO_Init)
    HAL_GPIO_ReadPin                         0x08004cc9   Thumb Code    16  stm32h7xx_hal_gpio.o(i.HAL_GPIO_ReadPin)
    HAL_GPIO_WritePin                        0x08004cd9   Thumb Code    12  stm32h7xx_hal_gpio.o(i.HAL_GPIO_WritePin)
    HAL_GetTick                              0x08004ce5   Thumb Code     6  stm32h7xx_hal.o(i.HAL_GetTick)
    HAL_IncTick                              0x08004cf1   Thumb Code    16  stm32h7xx_hal.o(i.HAL_IncTick)
    HAL_Init                                 0x08004d09   Thumb Code    80  stm32h7xx_hal.o(i.HAL_Init)
    HAL_InitTick                             0x08004d69   Thumb Code   142  stm32h7xx_hal_timebase_tim.o(i.HAL_InitTick)
    HAL_MspInit                              0x08004e09   Thumb Code    42  stm32h7xx_hal_msp.o(i.HAL_MspInit)
    HAL_NVIC_EnableIRQ                       0x08004e39   Thumb Code    40  stm32h7xx_hal_cortex.o(i.HAL_NVIC_EnableIRQ)
    HAL_NVIC_SetPriority                     0x08004e61   Thumb Code   122  stm32h7xx_hal_cortex.o(i.HAL_NVIC_SetPriority)
    HAL_NVIC_SetPriorityGrouping             0x08004edd   Thumb Code    32  stm32h7xx_hal_cortex.o(i.HAL_NVIC_SetPriorityGrouping)
    HAL_PWREx_ConfigSupply                   0x08004f05   Thumb Code    90  stm32h7xx_hal_pwr_ex.o(i.HAL_PWREx_ConfigSupply)
    HAL_RCCEx_PeriphCLKConfig                0x08004f65   Thumb Code  3272  stm32h7xx_hal_rcc_ex.o(i.HAL_RCCEx_PeriphCLKConfig)
    HAL_RCC_ClockConfig                      0x08005c2d   Thumb Code   774  stm32h7xx_hal_rcc.o(i.HAL_RCC_ClockConfig)
    HAL_RCC_GetClockConfig                   0x08005f4d   Thumb Code    98  stm32h7xx_hal_rcc.o(i.HAL_RCC_GetClockConfig)
    HAL_RCC_GetHCLKFreq                      0x08005fb9   Thumb Code    60  stm32h7xx_hal_rcc.o(i.HAL_RCC_GetHCLKFreq)
    HAL_RCC_GetPCLK1Freq                     0x08006005   Thumb Code    26  stm32h7xx_hal_rcc.o(i.HAL_RCC_GetPCLK1Freq)
    HAL_RCC_GetSysClockFreq                  0x08006029   Thumb Code   524  stm32h7xx_hal_rcc.o(i.HAL_RCC_GetSysClockFreq)
    HAL_RCC_OscConfig                        0x08006255   Thumb Code  1874  stm32h7xx_hal_rcc.o(i.HAL_RCC_OscConfig)
    HAL_SPI_ErrorCallback                    0x080069b1   Thumb Code     2  stm32h7xx_hal_spi.o(i.HAL_SPI_ErrorCallback)
    HAL_SPI_IRQHandler                       0x080069b5   Thumb Code   654  stm32h7xx_hal_spi.o(i.HAL_SPI_IRQHandler)
    HAL_SPI_Init                             0x08006c49   Thumb Code   420  stm32h7xx_hal_spi.o(i.HAL_SPI_Init)
    HAL_SPI_MspInit                          0x08006df9   Thumb Code   348  spi.o(i.HAL_SPI_MspInit)
    HAL_SPI_RxCpltCallback                   0x08006f71   Thumb Code     2  stm32h7xx_hal_spi.o(i.HAL_SPI_RxCpltCallback)
    HAL_SPI_SuspendCallback                  0x08006f73   Thumb Code     2  stm32h7xx_hal_spi.o(i.HAL_SPI_SuspendCallback)
    HAL_SPI_TransmitReceive                  0x08006f75   Thumb Code  1094  stm32h7xx_hal_spi.o(i.HAL_SPI_TransmitReceive)
    HAL_SPI_TxCpltCallback                   0x080073c9   Thumb Code     2  stm32h7xx_hal_spi.o(i.HAL_SPI_TxCpltCallback)
    HAL_SPI_TxRxCpltCallback                 0x080073cb   Thumb Code     2  stm32h7xx_hal_spi.o(i.HAL_SPI_TxRxCpltCallback)
    HAL_SYSCFG_AnalogSwitchConfig            0x080073cd   Thumb Code    14  stm32h7xx_hal.o(i.HAL_SYSCFG_AnalogSwitchConfig)
    HAL_TIMEx_Break2Callback                 0x080073e1   Thumb Code     2  stm32h7xx_hal_tim_ex.o(i.HAL_TIMEx_Break2Callback)
    HAL_TIMEx_BreakCallback                  0x080073e3   Thumb Code     2  stm32h7xx_hal_tim_ex.o(i.HAL_TIMEx_BreakCallback)
    HAL_TIMEx_CommutCallback                 0x080073e5   Thumb Code     2  stm32h7xx_hal_tim_ex.o(i.HAL_TIMEx_CommutCallback)
    HAL_TIMEx_MasterConfigSynchronization    0x080073e9   Thumb Code   190  stm32h7xx_hal_tim_ex.o(i.HAL_TIMEx_MasterConfigSynchronization)
    HAL_TIM_Base_Init                        0x080074cd   Thumb Code   110  stm32h7xx_hal_tim.o(i.HAL_TIM_Base_Init)
    HAL_TIM_Base_MspInit                     0x0800753b   Thumb Code     2  stm32h7xx_hal_tim.o(i.HAL_TIM_Base_MspInit)
    HAL_TIM_Base_Start_IT                    0x0800753d   Thumb Code   162  stm32h7xx_hal_tim.o(i.HAL_TIM_Base_Start_IT)
    HAL_TIM_IC_CaptureCallback               0x08007609   Thumb Code     2  stm32h7xx_hal_tim.o(i.HAL_TIM_IC_CaptureCallback)
    HAL_TIM_IRQHandler                       0x0800760b   Thumb Code   408  stm32h7xx_hal_tim.o(i.HAL_TIM_IRQHandler)
    HAL_TIM_MspPostInit                      0x080077a5   Thumb Code    78  tim.o(i.HAL_TIM_MspPostInit)
    HAL_TIM_OC_DelayElapsedCallback          0x08007801   Thumb Code     2  stm32h7xx_hal_tim.o(i.HAL_TIM_OC_DelayElapsedCallback)
    HAL_TIM_PWM_ConfigChannel                0x08007803   Thumb Code   368  stm32h7xx_hal_tim.o(i.HAL_TIM_PWM_ConfigChannel)
    HAL_TIM_PWM_Init                         0x08007973   Thumb Code   110  stm32h7xx_hal_tim.o(i.HAL_TIM_PWM_Init)
    HAL_TIM_PWM_MspInit                      0x080079e1   Thumb Code    40  tim.o(i.HAL_TIM_PWM_MspInit)
    HAL_TIM_PWM_PulseFinishedCallback        0x08007a11   Thumb Code     2  stm32h7xx_hal_tim.o(i.HAL_TIM_PWM_PulseFinishedCallback)
    HAL_TIM_PWM_Start                        0x08007a15   Thumb Code   330  stm32h7xx_hal_tim.o(i.HAL_TIM_PWM_Start)
    HAL_TIM_PeriodElapsedCallback            0x08007b91   Thumb Code    18  main.o(i.HAL_TIM_PeriodElapsedCallback)
    HAL_TIM_TriggerCallback                  0x08007ba3   Thumb Code     2  stm32h7xx_hal_tim.o(i.HAL_TIM_TriggerCallback)
    HardFault_Handler                        0x08007ba5   Thumb Code     4  stm32h7xx_it.o(i.HardFault_Handler)
    INS_Init                                 0x08007ba9   Thumb Code    32  ins_task.o(i.INS_Init)
    INS_Task                                 0x08007bdd   Thumb Code    14  freertos.o(i.INS_Task)
    INS_task                                 0x08007bed   Thumb Code   944  ins_task.o(i.INS_task)
    MX_DMA_Init                              0x08008005   Thumb Code    64  dma.o(i.MX_DMA_Init)
    MX_FDCAN1_Init                           0x08008049   Thumb Code   120  fdcan.o(i.MX_FDCAN1_Init)
    MX_FDCAN2_Init                           0x080080c9   Thumb Code   118  fdcan.o(i.MX_FDCAN2_Init)
    MX_FDCAN3_Init                           0x08008149   Thumb Code   120  fdcan.o(i.MX_FDCAN3_Init)
    MX_FREERTOS_Init                         0x080081c9   Thumb Code   126  freertos.o(i.MX_FREERTOS_Init)
    MX_GPIO_Init                             0x08008261   Thumb Code   368  gpio.o(i.MX_GPIO_Init)
    MX_SPI2_Init                             0x080083e1   Thumb Code    90  spi.o(i.MX_SPI2_Init)
    MX_TIM3_Init                             0x08008445   Thumb Code   118  tim.o(i.MX_TIM3_Init)
    MemManage_Handler                        0x080084c5   Thumb Code     4  stm32h7xx_it.o(i.MemManage_Handler)
    NMI_Handler                              0x080084c9   Thumb Code     4  stm32h7xx_it.o(i.NMI_Handler)
    PID_Calc                                 0x080084cd   Thumb Code   492  pid.o(i.PID_Calc)
    PID_init                                 0x080086bd   Thumb Code    92  pid.o(i.PID_init)
    PS2_AnologData                           0x0800871d   Thumb Code     8  ps2_task.o(i.PS2_AnologData)
    PS2_ClearData                            0x08008729   Thumb Code    20  ps2_task.o(i.PS2_ClearData)
    PS2_Cmd                                  0x08008741   Thumb Code   154  ps2_task.o(i.PS2_Cmd)
    PS2_DataKey                              0x080087f1   Thumb Code    70  ps2_task.o(i.PS2_DataKey)
    PS2_EnterConfing                         0x08008845   Thumb Code    96  ps2_task.o(i.PS2_EnterConfing)
    PS2_ExitConfing                          0x080088ad   Thumb Code    96  ps2_task.o(i.PS2_ExitConfing)
    PS2_ReadData                             0x08008915   Thumb Code   188  ps2_task.o(i.PS2_ReadData)
    PS2_SetInit                              0x080089e9   Thumb Code    28  ps2_task.o(i.PS2_SetInit)
    PS2_ShortPoll                            0x08008a05   Thumb Code    72  ps2_task.o(i.PS2_ShortPoll)
    PS2_Task                                 0x08008a55   Thumb Code    14  freertos.o(i.PS2_Task)
    PS2_TurnOnAnalogMode                     0x08008a65   Thumb Code    88  ps2_task.o(i.PS2_TurnOnAnalogMode)
    PS2_data_move                            0x08008ac5   Thumb Code   386  ps2_task.o(i.PS2_data_move)
    PS2_data_read                            0x08008c89   Thumb Code   116  ps2_task.o(i.PS2_data_read)
    Pensation_init                           0x08008cfd   Thumb Code    44  chassisr_task.o(i.Pensation_init)
    PeriphCommonClock_Config                 0x08008d35   Thumb Code    72  main.o(i.PeriphCommonClock_Config)
    RotationMatrix_update                    0x08009045   Thumb Code   302  mahony_filter.o(i.RotationMatrix_update)
    SPI2_IRQHandler                          0x08009175   Thumb Code    10  stm32h7xx_it.o(i.SPI2_IRQHandler)
    StartDefaultTask                         0x080092d3   Thumb Code    10  freertos.o(i.StartDefaultTask)
    SysTick_Handler                          0x080092dd   Thumb Code    46  port.o(i.SysTick_Handler)
    SystemClock_Config                       0x08009311   Thumb Code   176  main.o(i.SystemClock_Config)
    SystemInit                               0x080093c5   Thumb Code   236  system_stm32h7xx.o(i.SystemInit)
    TIM2_IRQHandler                          0x080094d1   Thumb Code    10  stm32h7xx_it.o(i.TIM2_IRQHandler)
    TIM_Base_SetConfig                       0x080094e1   Thumb Code   190  stm32h7xx_hal_tim.o(i.TIM_Base_SetConfig)
    TIM_CCxChannelCmd                        0x080095c9   Thumb Code    34  stm32h7xx_hal_tim.o(i.TIM_CCxChannelCmd)
    TIM_OC2_SetConfig                        0x08009699   Thumb Code   156  stm32h7xx_hal_tim.o(i.TIM_OC2_SetConfig)
    UsageFault_Handler                       0x08009955   Thumb Code     4  stm32h7xx_it.o(i.UsageFault_Handler)
    VMC_calc_1_left                          0x08009959   Thumb Code   896  vmc_calc.o(i.VMC_calc_1_left)
    VMC_calc_1_right                         0x08009ce9   Thumb Code   892  vmc_calc.o(i.VMC_calc_1_right)
    VMC_calc_2                               0x0800a075   Thumb Code   414  vmc_calc.o(i.VMC_calc_2)
    VMC_init                                 0x0800a215   Thumb Code    42  vmc_calc.o(i.VMC_init)
    __ARM_fpclassifyf                        0x0800a24d   Thumb Code    38  fpclassifyf.o(i.__ARM_fpclassifyf)
    __hardfp_asinf                           0x0800a2ad   Thumb Code   258  asinf.o(i.__hardfp_asinf)
    __hardfp_atan2f                          0x0800a3e5   Thumb Code   594  atan2f.o(i.__hardfp_atan2f)
    __hardfp_sqrt                            0x0800a699   Thumb Code   102  sqrt.o(i.__hardfp_sqrt)
    __hardfp_sqrtf                           0x0800a6ff   Thumb Code    58  sqrtf.o(i.__hardfp_sqrtf)
    __mathlib_flt_infnan                     0x0800a739   Thumb Code     6  funder.o(i.__mathlib_flt_infnan)
    __mathlib_flt_infnan2                    0x0800a73f   Thumb Code     6  funder.o(i.__mathlib_flt_infnan2)
    __mathlib_flt_invalid                    0x0800a745   Thumb Code    10  funder.o(i.__mathlib_flt_invalid)
    __mathlib_flt_underflow                  0x0800a755   Thumb Code    10  funder.o(i.__mathlib_flt_underflow)
    bmi088_accel_init                        0x0800a765   Thumb Code   348  bmi088driver.o(i.bmi088_accel_init)
    bmi088_gyro_init                         0x0800a8d1   Thumb Code   284  bmi088driver.o(i.bmi088_gyro_init)
    chassisL_control_loop                    0x0800aa01   Thumb Code   514  chassisl_task.o(i.chassisL_control_loop)
    chassisL_feedback_update                 0x0800ac19   Thumb Code    74  chassisl_task.o(i.chassisL_feedback_update)
    chassisR_control_loop                    0x0800ac75   Thumb Code   634  chassisr_task.o(i.chassisR_control_loop)
    chassisR_feedback_update                 0x0800af15   Thumb Code   110  chassisr_task.o(i.chassisR_feedback_update)
    mahony_init                              0x0800afd5   Thumb Code    40  mahony_filter.o(i.mahony_init)
    mahony_input                             0x0800b00d   Thumb Code    30  mahony_filter.o(i.mahony_input)
    mahony_output                            0x0800b02b   Thumb Code    74  mahony_filter.o(i.mahony_output)
    mahony_update                            0x0800b075   Thumb Code   646  mahony_filter.o(i.mahony_update)
    main                                     0x0800b2fd   Thumb Code   110  main.o(i.main)
    mySaturate                               0x0800b387   Thumb Code    40  chassisr_task.o(i.mySaturate)
    osDelay                                  0x0800b3af   Thumb Code    24  cmsis_os.o(i.osDelay)
    osKernelStart                            0x0800b3c7   Thumb Code    10  cmsis_os.o(i.osKernelStart)
    osThreadCreate                           0x0800b3d1   Thumb Code    94  cmsis_os.o(i.osThreadCreate)
    pstwo_task                               0x0800b8b1   Thumb Code    72  ps2_task.o(i.pstwo_task)
    pvPortMalloc                             0x0800b90d   Thumb Code   306  heap_4.o(i.pvPortMalloc)
    pxPortInitialiseStack                    0x0800ba59   Thumb Code    38  port.o(i.pxPortInitialiseStack)
    slope_following                          0x0800ba85   Thumb Code   116  user_lib.o(i.slope_following)
    sqrtf                                    0x0800baf9   Thumb Code    62  sqrtf.o(i.sqrtf)
    uxListRemove                             0x0800bb6b   Thumb Code    40  list.o(i.uxListRemove)
    vApplicationGetIdleTaskMemory            0x0800bb95   Thumb Code    14  freertos.o(i.vApplicationGetIdleTaskMemory)
    vListInitialise                          0x0800bbad   Thumb Code    26  list.o(i.vListInitialise)
    vListInitialiseItem                      0x0800bbc7   Thumb Code     6  list.o(i.vListInitialiseItem)
    vListInsert                              0x0800bbcd   Thumb Code    52  list.o(i.vListInsert)
    vListInsertEnd                           0x0800bc01   Thumb Code    24  list.o(i.vListInsertEnd)
    vPortEnterCritical                       0x0800bc19   Thumb Code    76  port.o(i.vPortEnterCritical)
    vPortExitCritical                        0x0800bc6d   Thumb Code    56  port.o(i.vPortExitCritical)
    vPortFree                                0x0800bca9   Thumb Code   150  heap_4.o(i.vPortFree)
    vPortSetupTimerInterrupt                 0x0800bd4d   Thumb Code    36  port.o(i.vPortSetupTimerInterrupt)
    vTaskDelay                               0x0800bd75   Thumb Code    82  tasks.o(i.vTaskDelay)
    vTaskStartScheduler                      0x0800bdd1   Thumb Code   146  tasks.o(i.vTaskStartScheduler)
    vTaskSuspendAll                          0x0800be81   Thumb Code    12  tasks.o(i.vTaskSuspendAll)
    vTaskSwitchContext                       0x0800be91   Thumb Code   118  tasks.o(i.vTaskSwitchContext)
    xPortStartScheduler                      0x0800bf1d   Thumb Code   330  port.o(i.xPortStartScheduler)
    xTaskCreate                              0x0800c085   Thumb Code   100  tasks.o(i.xTaskCreate)
    xTaskCreateStatic                        0x0800c0e9   Thumb Code   186  tasks.o(i.xTaskCreateStatic)
    xTaskIncrementTick                       0x0800c1a5   Thumb Code   282  tasks.o(i.xTaskIncrementTick)
    xTaskResumeAll                           0x0800c2ed   Thumb Code   224  tasks.o(i.xTaskResumeAll)
    _fp_init                                 0x0800c3f1   Thumb Code    10  fpinit.o(x$fpl$fpinit)
    __fplib_config_fpu_vfp                   0x0800c3f9   Thumb Code     0  fpinit.o(x$fpl$fpinit)
    __fplib_config_pureend_doubles           0x0800c3f9   Thumb Code     0  fpinit.o(x$fpl$fpinit)
    __I$use$fp                               0x0800c3fa   Number         0  usenofp.o(x$fpl$usenofp)
    D1CorePrescTable                         0x0800c4ec   Data          16  system_stm32h7xx.o(.constdata)
    sinTable_f32                             0x0800c57c   Data        2052  arm_common_tables.o(.rodata.sinTable_f32)
    Region$$Table$$Base                      0x0800cd80   Number         0  anon$$obj.o(Region$$Table)
    Region$$Table$$Limit                     0x0800cdb0   Number         0  anon$$obj.o(Region$$Table)
    defaultTaskHandle                        0x24000000   Data           4  freertos.o(.data)
    INS_TASKHandle                           0x24000004   Data           4  freertos.o(.data)
    PS2_TASKHandle                           0x24000008   Data           4  freertos.o(.data)
    CHASSISL_TASKHandle                      0x2400000c   Data           4  freertos.o(.data)
    CHASSISR_TASKHandle                      0x24000010   Data           4  freertos.o(.data)
    uwTick                                   0x24000018   Data           4  stm32h7xx_hal.o(.data)
    uwTickPrio                               0x2400001c   Data           4  stm32h7xx_hal.o(.data)
    uwTickFreq                               0x24000020   Data           1  stm32h7xx_hal.o(.data)
    SystemCoreClock                          0x24000024   Data           4  system_stm32h7xx.o(.data)
    SystemD2Clock                            0x24000028   Data           4  system_stm32h7xx.o(.data)
    pxCurrentTCB                             0x2400002c   Data           4  tasks.o(.data)
    FDCAN1_TxFrame                           0x24000094   Data          48  bsp_can.o(.data)
    FDCAN2_TxFrame                           0x240000c4   Data          48  bsp_can.o(.data)
    SysTime                                  0x240000f8   Data           8  bsp_dwt.o(.data)
    CYCCNT64                                 0x24000118   Data           8  bsp_dwt.o(.data)
    DM_4310_Motor_leftfront                  0x24000138   Data          60  motor.o(.data)
    DM_4310_Motor_leftback                   0x24000174   Data          60  motor.o(.data)
    DM_6215_Motor_left                       0x240001b0   Data          60  motor.o(.data)
    DM_4310_Motor_rightfront                 0x240001ec   Data          60  motor.o(.data)
    DM_4310_Motor_rightback                  0x24000228   Data          60  motor.o(.data)
    DM_6215_Motor_right                      0x24000264   Data          60  motor.o(.data)
    BMI088_ACCEL_SEN                         0x240002b4   Data           4  bmi088driver.o(.data)
    BMI088_GYRO_SEN                          0x240002b8   Data           4  bmi088driver.o(.data)
    gNormDiff                                0x240002c0   Data           4  bmi088driver.o(.data)
    caliOffset                               0x240002c4   Data           1  bmi088driver.o(.data)
    caliCount                                0x240002c6   Data           2  bmi088driver.o(.data)
    BMI088_SPI                               0x24000300   Data           4  bmi088middleware.o(.data)
    gravity                                  0x24000304   Data          12  ins_task.o(.data)
    INS_DWT_Count                            0x24000310   Data           4  ins_task.o(.data)
    ins_dt                                   0x24000314   Data           4  ins_task.o(.data)
    ins_time                                 0x24000318   Data           4  ins_task.o(.data)
    stop_time                                0x2400031c   Data           4  ins_task.o(.data)
    out                                      0x24000320   Data           4  ins_task.o(.data)
    err                                      0x24000324   Data           4  ins_task.o(.data)
    err_l                                    0x24000328   Data           4  ins_task.o(.data)
    err_ll                                   0x2400032c   Data           4  ins_task.o(.data)
    forceStop                                0x24000330   Data           1  ins_task.o(.data)
    Handkey                                  0x24000334   Data           2  ps2_task.o(.data)
    Comd                                     0x24000336   Data           2  ps2_task.o(.data)
    MASK                                     0x24000338   Data          32  ps2_task.o(.data)
    PS2_TIME                                 0x24000358   Data           4  ps2_task.o(.data)
    reve_flag                                0x2400035c   Data           1  ps2_task.o(.data)
    acc_test                                 0x24000360   Data           4  ps2_task.o(.data)
    LQR_K_L                                  0x24000364   Data          48  chassisl_task.o(.data)
    CHASSL_TIME                              0x24000394   Data           4  chassisl_task.o(.data)
    left_flag                                0x24000398   Data           1  chassisl_task.o(.data)
    LQR_K_R                                  0x2400039c   Data          48  chassisr_task.o(.data)
    CHASSR_TIME                              0x240003cc   Data           4  chassisr_task.o(.data)
    count_roll                               0x240003d0   Data           4  chassisr_task.o(.data)
    right_flag                               0x240003d4   Data           1  chassisr_task.o(.data)
    hfdcan1                                  0x2400063c   Data         160  fdcan.o(.bss)
    hfdcan2                                  0x240006dc   Data         160  fdcan.o(.bss)
    hfdcan3                                  0x2400077c   Data         160  fdcan.o(.bss)
    hspi2                                    0x2400081c   Data         136  spi.o(.bss)
    hdma_spi2_rx                             0x240008a4   Data         120  spi.o(.bss)
    hdma_spi2_tx                             0x2400091c   Data         120  spi.o(.bss)
    htim3                                    0x24000994   Data          76  tim.o(.bss)
    htim2                                    0x240009e0   Data          76  stm32h7xx_hal_timebase_tim.o(.bss)
    FDCAN1_RxFrame                           0x24000b1c   Data          52  bsp_can.o(.bss)
    FDCAN2_RxFrame                           0x24000b50   Data          52  bsp_can.o(.bss)
    gyroDiff                                 0x24000b84   Data          12  bmi088driver.o(.bss)
    BMI088                                   0x24000b90   Data          64  bmi088driver.o(.bss)
    INS                                      0x24000bd0   Data         148  ins_task.o(.bss)
    mahony                                   0x24000c64   Data         132  ins_task.o(.bss)
    Gyro                                     0x24000ce8   Data          12  ins_task.o(.bss)
    Accel                                    0x24000cf4   Data          12  ins_task.o(.bss)
    ps2data                                  0x24000d00   Data          12  ps2_task.o(.bss)
    Data                                     0x24000d0c   Data           9  ps2_task.o(.bss)
    left_vmc                                 0x24000d18   Data         176  chassisl_task.o(.bss)
    LegL_Pid                                 0x24000dc8   Data          72  chassisl_task.o(.bss)
    right_vmc                                0x24000e10   Data         176  chassisr_task.o(.bss)
    chassis_move                             0x24000ec0   Data         496  chassisr_task.o(.bss)
    LegR_Pid                                 0x240010b0   Data          72  chassisr_task.o(.bss)
    Tp_Pid                                   0x240010f8   Data          72  chassisr_task.o(.bss)
    Turn_Pid                                 0x24001140   Data          72  chassisr_task.o(.bss)
    RollR_Pid                                0x24001188   Data          72  chassisr_task.o(.bss)
    __libspace_start                         0x240011d0   Data          96  libspace.o(.bss)
    __temporary_stack_top$libspace           0x24001230   Data           0  libspace.o(.bss)



==============================================================================

Memory Map of the image

  Image Entry point : 0x080002cd

  Load Region LR_IROM1 (Base: 0x08000000, Size: 0x0000d198, Max: 0x00100000, ABSOLUTE, COMPRESSED[0x0000ce84])

    Execution Region ER_IROM1 (Exec base: 0x08000000, Load base: 0x08000000, Size: 0x0000cdb0, Max: 0x00100000, ABSOLUTE)

    Exec Addr    Load Addr    Size         Type   Attr      Idx    E Section Name        Object

    0x08000000   0x08000000   0x000002cc   Data   RO            3    RESET               startup_stm32h723xx.o
    0x080002cc   0x080002cc   0x00000008   Code   RO         8172  * !!!main             c_w.l(__main.o)
    0x080002d4   0x080002d4   0x00000034   Code   RO         8477    !!!scatter          c_w.l(__scatter.o)
    0x08000308   0x08000308   0x0000005a   Code   RO         8475    !!dczerorl2         c_w.l(__dczerorl2.o)
    0x08000362   0x08000362   0x00000002   PAD
    0x08000364   0x08000364   0x0000001c   Code   RO         8479    !!handler_zi        c_w.l(__scatter_zi.o)
    0x08000380   0x08000380   0x00000002   Code   RO         8412    .ARM.Collect$$libinit$$00000000  c_w.l(libinit.o)
    0x08000382   0x08000382   0x00000004   Code   RO         8276    .ARM.Collect$$libinit$$00000001  c_w.l(libinit2.o)
    0x08000386   0x08000386   0x00000000   Code   RO         8279    .ARM.Collect$$libinit$$00000004  c_w.l(libinit2.o)
    0x08000386   0x08000386   0x00000000   Code   RO         8282    .ARM.Collect$$libinit$$0000000A  c_w.l(libinit2.o)
    0x08000386   0x08000386   0x00000000   Code   RO         8284    .ARM.Collect$$libinit$$0000000C  c_w.l(libinit2.o)
    0x08000386   0x08000386   0x00000000   Code   RO         8286    .ARM.Collect$$libinit$$0000000E  c_w.l(libinit2.o)
    0x08000386   0x08000386   0x00000000   Code   RO         8289    .ARM.Collect$$libinit$$00000011  c_w.l(libinit2.o)
    0x08000386   0x08000386   0x00000000   Code   RO         8291    .ARM.Collect$$libinit$$00000013  c_w.l(libinit2.o)
    0x08000386   0x08000386   0x00000000   Code   RO         8293    .ARM.Collect$$libinit$$00000015  c_w.l(libinit2.o)
    0x08000386   0x08000386   0x00000000   Code   RO         8295    .ARM.Collect$$libinit$$00000017  c_w.l(libinit2.o)
    0x08000386   0x08000386   0x00000000   Code   RO         8297    .ARM.Collect$$libinit$$00000019  c_w.l(libinit2.o)
    0x08000386   0x08000386   0x00000000   Code   RO         8299    .ARM.Collect$$libinit$$0000001B  c_w.l(libinit2.o)
    0x08000386   0x08000386   0x00000000   Code   RO         8301    .ARM.Collect$$libinit$$0000001D  c_w.l(libinit2.o)
    0x08000386   0x08000386   0x00000000   Code   RO         8303    .ARM.Collect$$libinit$$0000001F  c_w.l(libinit2.o)
    0x08000386   0x08000386   0x00000000   Code   RO         8305    .ARM.Collect$$libinit$$00000021  c_w.l(libinit2.o)
    0x08000386   0x08000386   0x00000000   Code   RO         8307    .ARM.Collect$$libinit$$00000023  c_w.l(libinit2.o)
    0x08000386   0x08000386   0x00000000   Code   RO         8309    .ARM.Collect$$libinit$$00000025  c_w.l(libinit2.o)
    0x08000386   0x08000386   0x00000000   Code   RO         8313    .ARM.Collect$$libinit$$0000002C  c_w.l(libinit2.o)
    0x08000386   0x08000386   0x00000000   Code   RO         8315    .ARM.Collect$$libinit$$0000002E  c_w.l(libinit2.o)
    0x08000386   0x08000386   0x00000000   Code   RO         8317    .ARM.Collect$$libinit$$00000030  c_w.l(libinit2.o)
    0x08000386   0x08000386   0x00000000   Code   RO         8319    .ARM.Collect$$libinit$$00000032  c_w.l(libinit2.o)
    0x08000386   0x08000386   0x00000002   Code   RO         8320    .ARM.Collect$$libinit$$00000033  c_w.l(libinit2.o)
    0x08000388   0x08000388   0x00000002   Code   RO         8472    .ARM.Collect$$libshutdown$$00000000  c_w.l(libshutdown.o)
    0x0800038a   0x0800038a   0x00000000   Code   RO         8428    .ARM.Collect$$libshutdown$$00000002  c_w.l(libshutdown2.o)
    0x0800038a   0x0800038a   0x00000000   Code   RO         8430    .ARM.Collect$$libshutdown$$00000004  c_w.l(libshutdown2.o)
    0x0800038a   0x0800038a   0x00000000   Code   RO         8432    .ARM.Collect$$libshutdown$$00000006  c_w.l(libshutdown2.o)
    0x0800038a   0x0800038a   0x00000000   Code   RO         8435    .ARM.Collect$$libshutdown$$00000009  c_w.l(libshutdown2.o)
    0x0800038a   0x0800038a   0x00000000   Code   RO         8438    .ARM.Collect$$libshutdown$$0000000C  c_w.l(libshutdown2.o)
    0x0800038a   0x0800038a   0x00000000   Code   RO         8440    .ARM.Collect$$libshutdown$$0000000E  c_w.l(libshutdown2.o)
    0x0800038a   0x0800038a   0x00000000   Code   RO         8443    .ARM.Collect$$libshutdown$$00000011  c_w.l(libshutdown2.o)
    0x0800038a   0x0800038a   0x00000002   Code   RO         8444    .ARM.Collect$$libshutdown$$00000012  c_w.l(libshutdown2.o)
    0x0800038c   0x0800038c   0x00000000   Code   RO         8236    .ARM.Collect$$rtentry$$00000000  c_w.l(__rtentry.o)
    0x0800038c   0x0800038c   0x00000000   Code   RO         8344    .ARM.Collect$$rtentry$$00000002  c_w.l(__rtentry2.o)
    0x0800038c   0x0800038c   0x00000006   Code   RO         8356    .ARM.Collect$$rtentry$$00000004  c_w.l(__rtentry4.o)
    0x08000392   0x08000392   0x00000000   Code   RO         8346    .ARM.Collect$$rtentry$$00000009  c_w.l(__rtentry2.o)
    0x08000392   0x08000392   0x00000004   Code   RO         8347    .ARM.Collect$$rtentry$$0000000A  c_w.l(__rtentry2.o)
    0x08000396   0x08000396   0x00000000   Code   RO         8349    .ARM.Collect$$rtentry$$0000000C  c_w.l(__rtentry2.o)
    0x08000396   0x08000396   0x00000008   Code   RO         8350    .ARM.Collect$$rtentry$$0000000D  c_w.l(__rtentry2.o)
    0x0800039e   0x0800039e   0x00000002   Code   RO         8415    .ARM.Collect$$rtexit$$00000000  c_w.l(rtexit.o)
    0x080003a0   0x080003a0   0x00000000   Code   RO         8448    .ARM.Collect$$rtexit$$00000002  c_w.l(rtexit2.o)
    0x080003a0   0x080003a0   0x00000004   Code   RO         8449    .ARM.Collect$$rtexit$$00000003  c_w.l(rtexit2.o)
    0x080003a4   0x080003a4   0x00000006   Code   RO         8450    .ARM.Collect$$rtexit$$00000004  c_w.l(rtexit2.o)
    0x080003aa   0x080003aa   0x00000002   PAD
    0x080003ac   0x080003ac   0x000000be   Code   RO         6534    .emb_text           port.o
    0x0800046a   0x0800046a   0x00000002   PAD
    0x0800046c   0x0800046c   0x00000048   Code   RO            4    .text               startup_stm32h723xx.o
    0x080004b4   0x080004b4   0x000000ee   Code   RO         8158    .text               c_w.l(lludivv7m.o)
    0x080005a2   0x080005a2   0x00000064   Code   RO         8162    .text               c_w.l(rt_memcpy_w.o)
    0x08000606   0x08000606   0x0000004e   Code   RO         8168    .text               c_w.l(rt_memclr_w.o)
    0x08000654   0x08000654   0x00000006   Code   RO         8170    .text               c_w.l(heapauxi.o)
    0x0800065a   0x0800065a   0x00000016   Code   RO         8272    .text               c_w.l(_rserrno.o)
    0x08000670   0x08000670   0x00000008   Code   RO         8340    .text               c_w.l(libspace.o)
    0x08000678   0x08000678   0x00000008   Code   RO         8363    .text               c_w.l(rt_errno_addr_intlibspace.o)
    0x08000680   0x08000680   0x00000002   Code   RO         8384    .text               c_w.l(use_no_semi.o)
    0x08000682   0x08000682   0x00000000   Code   RO         8386    .text               c_w.l(indicate_semi.o)
    0x08000682   0x08000682   0x0000004a   Code   RO         8387    .text               c_w.l(sys_stackheap_outer.o)
    0x080006cc   0x080006cc   0x00000012   Code   RO         8393    .text               c_w.l(exit.o)
    0x080006de   0x080006de   0x00000002   PAD
    0x080006e0   0x080006e0   0x0000000c   Code   RO         8413    .text               c_w.l(sys_exit.o)
    0x080006ec   0x080006ec   0x00000090   Code   RO         7927    .text.arm_cos_f32   arm_cortexM7lfdp_math.lib(arm_cos_f32.o)
    0x0800077c   0x0800077c   0x0000008c   Code   RO         7937    .text.arm_sin_f32   arm_cortexM7lfdp_math.lib(arm_sin_f32.o)
    0x08000808   0x08000808   0x00000014   Code   RO         6956    i.BMI088_ACCEL_NS_H  bmi088middleware.o
    0x0800081c   0x0800081c   0x00000014   Code   RO         6957    i.BMI088_ACCEL_NS_L  bmi088middleware.o
    0x08000830   0x08000830   0x00000014   Code   RO         6958    i.BMI088_GYRO_NS_H  bmi088middleware.o
    0x08000844   0x08000844   0x00000014   Code   RO         6959    i.BMI088_GYRO_NS_L  bmi088middleware.o
    0x08000858   0x08000858   0x00000330   Code   RO         6866    i.BMI088_Read       bmi088driver.o
    0x08000b88   0x08000b88   0x000000c0   Code   RO         6867    i.BMI088_init       bmi088driver.o
    0x08000c48   0x08000c48   0x00000026   Code   RO         6868    i.BMI088_read_muli_reg  bmi088driver.o
    0x08000c6e   0x08000c6e   0x00000018   Code   RO         6869    i.BMI088_read_single_reg  bmi088driver.o
    0x08000c86   0x08000c86   0x00000002   PAD
    0x08000c88   0x08000c88   0x00000024   Code   RO         6960    i.BMI088_read_write_byte  bmi088middleware.o
    0x08000cac   0x08000cac   0x00000014   Code   RO         6870    i.BMI088_write_single_reg  bmi088driver.o
    0x08000cc0   0x08000cc0   0x00000048   Code   RO         6614    i.BSP_FDCAN1_Init   bsp_can.o
    0x08000d08   0x08000d08   0x00000048   Code   RO         6615    i.BSP_FDCAN2_Init   bsp_can.o
    0x08000d50   0x08000d50   0x0000015a   Code   RO         7010    i.BodyFrameToEarthFrame  ins_task.o
    0x08000eaa   0x08000eaa   0x00000004   Code   RO          589    i.BusFault_Handler  stm32h7xx_it.o
    0x08000eae   0x08000eae   0x0000000e   Code   RO          288    i.CHASSISL_Task     freertos.o
    0x08000ebc   0x08000ebc   0x0000000e   Code   RO          289    i.CHASSISR_Task     freertos.o
    0x08000eca   0x08000eca   0x00000002   PAD
    0x08000ecc   0x08000ecc   0x00000674   Code   RO         6871    i.Calibrate_MPU_Offset  bmi088driver.o
    0x08001540   0x08001540   0x00000030   Code   RO         7209    i.ChassisL_init     chassisl_task.o
    0x08001570   0x08001570   0x00000174   Code   RO         7210    i.ChassisL_task     chassisl_task.o
    0x080016e4   0x080016e4   0x0000004c   Code   RO         7269    i.ChassisR_init     chassisr_task.o
    0x08001730   0x08001730   0x000001ec   Code   RO         7270    i.ChassisR_task     chassisr_task.o
    0x0800191c   0x0800191c   0x00000010   Code   RO          590    i.DMA1_Stream0_IRQHandler  stm32h7xx_it.o
    0x0800192c   0x0800192c   0x00000010   Code   RO          591    i.DMA1_Stream1_IRQHandler  stm32h7xx_it.o
    0x0800193c   0x0800193c   0x000000ec   Code   RO         2660    i.DMA_CalcBaseAndBitshift  stm32h7xx_hal_dma.o
    0x08001a28   0x08001a28   0x000000c4   Code   RO         2661    i.DMA_CalcDMAMUXChannelBaseAndMask  stm32h7xx_hal_dma.o
    0x08001aec   0x08001aec   0x00000098   Code   RO         2662    i.DMA_CalcDMAMUXRequestGenBaseAndMask  stm32h7xx_hal_dma.o
    0x08001b84   0x08001b84   0x000000ae   Code   RO         2663    i.DMA_CheckFifoParam  stm32h7xx_hal_dma.o
    0x08001c32   0x08001c32   0x00000002   PAD
    0x08001c34   0x08001c34   0x00000238   Code   RO         6777    i.DM_Motor_CAN_TxMessage_4310  motor.o
    0x08001e6c   0x08001e6c   0x00000240   Code   RO         6778    i.DM_Motor_CAN_TxMessage_6215  motor.o
    0x080020ac   0x080020ac   0x0000006e   Code   RO         6779    i.DM_Motor_Command  motor.o
    0x0800211a   0x0800211a   0x00000092   Code   RO         6780    i.DM_Motor_Info_Update_4310  motor.o
    0x080021ac   0x080021ac   0x0000009c   Code   RO         6781    i.DM_Motor_Info_Update_6215  motor.o
    0x08002248   0x08002248   0x00000028   Code   RO         6782    i.DM_Motor_Limit_float  motor.o
    0x08002270   0x08002270   0x00000030   Code   RO         6673    i.DWT_CNT_Update    bsp_dwt.o
    0x080022a0   0x080022a0   0x0000003c   Code   RO         6674    i.DWT_Delay         bsp_dwt.o
    0x080022dc   0x080022dc   0x0000004c   Code   RO         6675    i.DWT_GetDeltaT     bsp_dwt.o
    0x08002328   0x08002328   0x00000054   Code   RO         6678    i.DWT_GetTimeline_s  bsp_dwt.o
    0x0800237c   0x0800237c   0x00000068   Code   RO         6680    i.DWT_Init          bsp_dwt.o
    0x080023e4   0x080023e4   0x000000d0   Code   RO         6681    i.DWT_SysTimeUpdate  bsp_dwt.o
    0x080024b4   0x080024b4   0x00000002   Code   RO          592    i.DebugMon_Handler  stm32h7xx_it.o
    0x080024b6   0x080024b6   0x0000015a   Code   RO         7011    i.EarthFrameToBodyFrame  ins_task.o
    0x08002610   0x08002610   0x00000006   Code   RO           13    i.Error_Handler     main.o
    0x08002616   0x08002616   0x00000002   PAD
    0x08002618   0x08002618   0x00000024   Code   RO         5253    i.ExitRun0Mode      system_stm32h7xx.o
    0x0800263c   0x0800263c   0x00000010   Code   RO          593    i.FDCAN1_IT0_IRQHandler  stm32h7xx_it.o
    0x0800264c   0x0800264c   0x00000050   Code   RO         6616    i.FDCAN1_RxFifo0RxHandler  bsp_can.o
    0x0800269c   0x0800269c   0x00000010   Code   RO          594    i.FDCAN2_IT0_IRQHandler  stm32h7xx_it.o
    0x080026ac   0x080026ac   0x00000050   Code   RO         6617    i.FDCAN2_RxFifo1RxHandler  bsp_can.o
    0x080026fc   0x080026fc   0x00000010   Code   RO          595    i.FDCAN3_IT0_IRQHandler  stm32h7xx_it.o
    0x0800270c   0x0800270c   0x00000220   Code   RO         4301    i.FDCAN_CalcultateRamBlockAddresses  stm32h7xx_hal_fdcan.o
    0x0800292c   0x0800292c   0x000000d0   Code   RO         4302    i.FDCAN_CopyMessageToRAM  stm32h7xx_hal_fdcan.o
    0x080029fc   0x080029fc   0x00000398   Code   RO         2666    i.HAL_DMA_Abort_IT  stm32h7xx_hal_dma.o
    0x08002d94   0x08002d94   0x00000af8   Code   RO         2670    i.HAL_DMA_IRQHandler  stm32h7xx_hal_dma.o
    0x0800388c   0x0800388c   0x00000514   Code   RO         2671    i.HAL_DMA_Init      stm32h7xx_hal_dma.o
    0x08003da0   0x08003da0   0x00000028   Code   RO         3362    i.HAL_Delay         stm32h7xx_hal.o
    0x08003dc8   0x08003dc8   0x000000a8   Code   RO         4304    i.HAL_FDCAN_ActivateNotification  stm32h7xx_hal_fdcan.o
    0x08003e70   0x08003e70   0x00000090   Code   RO         4306    i.HAL_FDCAN_AddMessageToTxFifoQ  stm32h7xx_hal_fdcan.o
    0x08003f00   0x08003f00   0x00000002   Code   RO         4307    i.HAL_FDCAN_ClockCalibrationCallback  stm32h7xx_hal_fdcan.o
    0x08003f02   0x08003f02   0x000000a8   Code   RO         4311    i.HAL_FDCAN_ConfigFilter  stm32h7xx_hal_fdcan.o
    0x08003faa   0x08003faa   0x00000034   Code   RO         4312    i.HAL_FDCAN_ConfigGlobalFilter  stm32h7xx_hal_fdcan.o
    0x08003fde   0x08003fde   0x00000002   Code   RO         4333    i.HAL_FDCAN_ErrorCallback  stm32h7xx_hal_fdcan.o
    0x08003fe0   0x08003fe0   0x00000002   Code   RO         4334    i.HAL_FDCAN_ErrorStatusCallback  stm32h7xx_hal_fdcan.o
    0x08003fe2   0x08003fe2   0x00000002   PAD
    0x08003fe4   0x08003fe4   0x000001f4   Code   RO         4345    i.HAL_FDCAN_GetRxMessage  stm32h7xx_hal_fdcan.o
    0x080041d8   0x080041d8   0x00000002   Code   RO         4351    i.HAL_FDCAN_HighPriorityMessageCallback  stm32h7xx_hal_fdcan.o
    0x080041da   0x080041da   0x00000002   PAD
    0x080041dc   0x080041dc   0x000003d4   Code   RO         4352    i.HAL_FDCAN_IRQHandler  stm32h7xx_hal_fdcan.o
    0x080045b0   0x080045b0   0x000002e0   Code   RO         4353    i.HAL_FDCAN_Init    stm32h7xx_hal_fdcan.o
    0x08004890   0x08004890   0x000001b4   Code   RO          427    i.HAL_FDCAN_MspInit  fdcan.o
    0x08004a44   0x08004a44   0x00000002   Code   RO         4362    i.HAL_FDCAN_RxBufferNewMessageCallback  stm32h7xx_hal_fdcan.o
    0x08004a46   0x08004a46   0x00000002   PAD
    0x08004a48   0x08004a48   0x00000024   Code   RO         6618    i.HAL_FDCAN_RxFifo0Callback  bsp_can.o
    0x08004a6c   0x08004a6c   0x00000024   Code   RO         6619    i.HAL_FDCAN_RxFifo1Callback  bsp_can.o
    0x08004a90   0x08004a90   0x00000034   Code   RO         4365    i.HAL_FDCAN_Start   stm32h7xx_hal_fdcan.o
    0x08004ac4   0x08004ac4   0x00000002   Code   RO         4387    i.HAL_FDCAN_TT_GlobalTimeCallback  stm32h7xx_hal_fdcan.o
    0x08004ac6   0x08004ac6   0x00000002   Code   RO         4388    i.HAL_FDCAN_TT_ScheduleSyncCallback  stm32h7xx_hal_fdcan.o
    0x08004ac8   0x08004ac8   0x00000002   Code   RO         4393    i.HAL_FDCAN_TT_StopWatchCallback  stm32h7xx_hal_fdcan.o
    0x08004aca   0x08004aca   0x00000002   Code   RO         4394    i.HAL_FDCAN_TT_TimeMarkCallback  stm32h7xx_hal_fdcan.o
    0x08004acc   0x08004acc   0x00000002   Code   RO         4395    i.HAL_FDCAN_TimeoutOccurredCallback  stm32h7xx_hal_fdcan.o
    0x08004ace   0x08004ace   0x00000002   Code   RO         4396    i.HAL_FDCAN_TimestampWraparoundCallback  stm32h7xx_hal_fdcan.o
    0x08004ad0   0x08004ad0   0x00000002   Code   RO         4397    i.HAL_FDCAN_TxBufferAbortCallback  stm32h7xx_hal_fdcan.o
    0x08004ad2   0x08004ad2   0x00000002   Code   RO         4398    i.HAL_FDCAN_TxBufferCompleteCallback  stm32h7xx_hal_fdcan.o
    0x08004ad4   0x08004ad4   0x00000002   Code   RO         4399    i.HAL_FDCAN_TxEventFifoCallback  stm32h7xx_hal_fdcan.o
    0x08004ad6   0x08004ad6   0x00000002   Code   RO         4400    i.HAL_FDCAN_TxFifoEmptyCallback  stm32h7xx_hal_fdcan.o
    0x08004ad8   0x08004ad8   0x000001f0   Code   RO         2513    i.HAL_GPIO_Init     stm32h7xx_hal_gpio.o
    0x08004cc8   0x08004cc8   0x00000010   Code   RO         2515    i.HAL_GPIO_ReadPin  stm32h7xx_hal_gpio.o
    0x08004cd8   0x08004cd8   0x0000000c   Code   RO         2517    i.HAL_GPIO_WritePin  stm32h7xx_hal_gpio.o
    0x08004ce4   0x08004ce4   0x0000000c   Code   RO         3378    i.HAL_GetTick       stm32h7xx_hal.o
    0x08004cf0   0x08004cf0   0x00000018   Code   RO         3384    i.HAL_IncTick       stm32h7xx_hal.o
    0x08004d08   0x08004d08   0x00000060   Code   RO         3385    i.HAL_Init          stm32h7xx_hal.o
    0x08004d68   0x08004d68   0x000000a0   Code   RO          713    i.HAL_InitTick      stm32h7xx_hal_timebase_tim.o
    0x08004e08   0x08004e08   0x00000030   Code   RO          689    i.HAL_MspInit       stm32h7xx_hal_msp.o
    0x08004e38   0x08004e38   0x00000028   Code   RO         1790    i.HAL_NVIC_EnableIRQ  stm32h7xx_hal_cortex.o
    0x08004e60   0x08004e60   0x0000007a   Code   RO         1796    i.HAL_NVIC_SetPriority  stm32h7xx_hal_cortex.o
    0x08004eda   0x08004eda   0x00000002   PAD
    0x08004edc   0x08004edc   0x00000028   Code   RO         1797    i.HAL_NVIC_SetPriorityGrouping  stm32h7xx_hal_cortex.o
    0x08004f04   0x08004f04   0x00000060   Code   RO         3114    i.HAL_PWREx_ConfigSupply  stm32h7xx_hal_pwr_ex.o
    0x08004f64   0x08004f64   0x00000cc8   Code   RO         2065    i.HAL_RCCEx_PeriphCLKConfig  stm32h7xx_hal_rcc_ex.o
    0x08005c2c   0x08005c2c   0x00000320   Code   RO         1941    i.HAL_RCC_ClockConfig  stm32h7xx_hal_rcc.o
    0x08005f4c   0x08005f4c   0x0000006c   Code   RO         1945    i.HAL_RCC_GetClockConfig  stm32h7xx_hal_rcc.o
    0x08005fb8   0x08005fb8   0x0000004c   Code   RO         1946    i.HAL_RCC_GetHCLKFreq  stm32h7xx_hal_rcc.o
    0x08006004   0x08006004   0x00000024   Code   RO         1948    i.HAL_RCC_GetPCLK1Freq  stm32h7xx_hal_rcc.o
    0x08006028   0x08006028   0x0000022c   Code   RO         1950    i.HAL_RCC_GetSysClockFreq  stm32h7xx_hal_rcc.o
    0x08006254   0x08006254   0x0000075c   Code   RO         1953    i.HAL_RCC_OscConfig  stm32h7xx_hal_rcc.o
    0x080069b0   0x080069b0   0x00000002   Code   RO         4926    i.HAL_SPI_ErrorCallback  stm32h7xx_hal_spi.o
    0x080069b2   0x080069b2   0x00000002   PAD
    0x080069b4   0x080069b4   0x00000294   Code   RO         4929    i.HAL_SPI_IRQHandler  stm32h7xx_hal_spi.o
    0x08006c48   0x08006c48   0x000001b0   Code   RO         4930    i.HAL_SPI_Init      stm32h7xx_hal_spi.o
    0x08006df8   0x08006df8   0x00000178   Code   RO          500    i.HAL_SPI_MspInit   spi.o
    0x08006f70   0x08006f70   0x00000002   Code   RO         4936    i.HAL_SPI_RxCpltCallback  stm32h7xx_hal_spi.o
    0x08006f72   0x08006f72   0x00000002   Code   RO         4938    i.HAL_SPI_SuspendCallback  stm32h7xx_hal_spi.o
    0x08006f74   0x08006f74   0x00000454   Code   RO         4940    i.HAL_SPI_TransmitReceive  stm32h7xx_hal_spi.o
    0x080073c8   0x080073c8   0x00000002   Code   RO         4945    i.HAL_SPI_TxCpltCallback  stm32h7xx_hal_spi.o
    0x080073ca   0x080073ca   0x00000002   Code   RO         4947    i.HAL_SPI_TxRxCpltCallback  stm32h7xx_hal_spi.o
    0x080073cc   0x080073cc   0x00000014   Code   RO         3392    i.HAL_SYSCFG_AnalogSwitchConfig  stm32h7xx_hal.o
    0x080073e0   0x080073e0   0x00000002   Code   RO         1479    i.HAL_TIMEx_Break2Callback  stm32h7xx_hal_tim_ex.o
    0x080073e2   0x080073e2   0x00000002   Code   RO         1480    i.HAL_TIMEx_BreakCallback  stm32h7xx_hal_tim_ex.o
    0x080073e4   0x080073e4   0x00000002   Code   RO         1481    i.HAL_TIMEx_CommutCallback  stm32h7xx_hal_tim_ex.o
    0x080073e6   0x080073e6   0x00000002   PAD
    0x080073e8   0x080073e8   0x000000e4   Code   RO         1502    i.HAL_TIMEx_MasterConfigSynchronization  stm32h7xx_hal_tim_ex.o
    0x080074cc   0x080074cc   0x0000006e   Code   RO          754    i.HAL_TIM_Base_Init  stm32h7xx_hal_tim.o
    0x0800753a   0x0800753a   0x00000002   Code   RO          756    i.HAL_TIM_Base_MspInit  stm32h7xx_hal_tim.o
    0x0800753c   0x0800753c   0x000000cc   Code   RO          759    i.HAL_TIM_Base_Start_IT  stm32h7xx_hal_tim.o
    0x08007608   0x08007608   0x00000002   Code   RO          788    i.HAL_TIM_IC_CaptureCallback  stm32h7xx_hal_tim.o
    0x0800760a   0x0800760a   0x00000198   Code   RO          802    i.HAL_TIM_IRQHandler  stm32h7xx_hal_tim.o
    0x080077a2   0x080077a2   0x00000002   PAD
    0x080077a4   0x080077a4   0x0000005c   Code   RO          541    i.HAL_TIM_MspPostInit  tim.o
    0x08007800   0x08007800   0x00000002   Code   RO          805    i.HAL_TIM_OC_DelayElapsedCallback  stm32h7xx_hal_tim.o
    0x08007802   0x08007802   0x00000170   Code   RO          826    i.HAL_TIM_PWM_ConfigChannel  stm32h7xx_hal_tim.o
    0x08007972   0x08007972   0x0000006e   Code   RO          829    i.HAL_TIM_PWM_Init  stm32h7xx_hal_tim.o
    0x080079e0   0x080079e0   0x00000030   Code   RO          543    i.HAL_TIM_PWM_MspInit  tim.o
    0x08007a10   0x08007a10   0x00000002   Code   RO          832    i.HAL_TIM_PWM_PulseFinishedCallback  stm32h7xx_hal_tim.o
    0x08007a12   0x08007a12   0x00000002   PAD
    0x08007a14   0x08007a14   0x0000017c   Code   RO          834    i.HAL_TIM_PWM_Start  stm32h7xx_hal_tim.o
    0x08007b90   0x08007b90   0x00000012   Code   RO           14    i.HAL_TIM_PeriodElapsedCallback  main.o
    0x08007ba2   0x08007ba2   0x00000002   Code   RO          845    i.HAL_TIM_TriggerCallback  stm32h7xx_hal_tim.o
    0x08007ba4   0x08007ba4   0x00000004   Code   RO          596    i.HardFault_Handler  stm32h7xx_it.o
    0x08007ba8   0x08007ba8   0x00000034   Code   RO         7012    i.INS_Init          ins_task.o
    0x08007bdc   0x08007bdc   0x0000000e   Code   RO          290    i.INS_Task          freertos.o
    0x08007bea   0x08007bea   0x00000002   PAD
    0x08007bec   0x08007bec   0x00000418   Code   RO         7013    i.INS_task          ins_task.o
    0x08008004   0x08008004   0x00000044   Code   RO          402    i.MX_DMA_Init       dma.o
    0x08008048   0x08008048   0x00000080   Code   RO          428    i.MX_FDCAN1_Init    fdcan.o
    0x080080c8   0x080080c8   0x00000080   Code   RO          429    i.MX_FDCAN2_Init    fdcan.o
    0x08008148   0x08008148   0x00000080   Code   RO          430    i.MX_FDCAN3_Init    fdcan.o
    0x080081c8   0x080081c8   0x00000098   Code   RO          291    i.MX_FREERTOS_Init  freertos.o
    0x08008260   0x08008260   0x00000180   Code   RO          264    i.MX_GPIO_Init      gpio.o
    0x080083e0   0x080083e0   0x00000064   Code   RO          501    i.MX_SPI2_Init      spi.o
    0x08008444   0x08008444   0x00000080   Code   RO          544    i.MX_TIM3_Init      tim.o
    0x080084c4   0x080084c4   0x00000004   Code   RO          597    i.MemManage_Handler  stm32h7xx_it.o
    0x080084c8   0x080084c8   0x00000004   Code   RO          598    i.NMI_Handler       stm32h7xx_it.o
    0x080084cc   0x080084cc   0x000001f0   Code   RO         7685    i.PID_Calc          pid.o
    0x080086bc   0x080086bc   0x00000060   Code   RO         7687    i.PID_init          pid.o
    0x0800871c   0x0800871c   0x0000000c   Code   RO         7080    i.PS2_AnologData    ps2_task.o
    0x08008728   0x08008728   0x00000018   Code   RO         7081    i.PS2_ClearData     ps2_task.o
    0x08008740   0x08008740   0x000000b0   Code   RO         7082    i.PS2_Cmd           ps2_task.o
    0x080087f0   0x080087f0   0x00000054   Code   RO         7083    i.PS2_DataKey       ps2_task.o
    0x08008844   0x08008844   0x00000068   Code   RO         7084    i.PS2_EnterConfing  ps2_task.o
    0x080088ac   0x080088ac   0x00000068   Code   RO         7085    i.PS2_ExitConfing   ps2_task.o
    0x08008914   0x08008914   0x000000d4   Code   RO         7086    i.PS2_ReadData      ps2_task.o
    0x080089e8   0x080089e8   0x0000001c   Code   RO         7088    i.PS2_SetInit       ps2_task.o
    0x08008a04   0x08008a04   0x00000050   Code   RO         7089    i.PS2_ShortPoll     ps2_task.o
    0x08008a54   0x08008a54   0x0000000e   Code   RO          292    i.PS2_Task          freertos.o
    0x08008a62   0x08008a62   0x00000002   PAD
    0x08008a64   0x08008a64   0x00000060   Code   RO         7090    i.PS2_TurnOnAnalogMode  ps2_task.o
    0x08008ac4   0x08008ac4   0x000001c4   Code   RO         7093    i.PS2_data_move     ps2_task.o
    0x08008c88   0x08008c88   0x00000074   Code   RO         7094    i.PS2_data_read     ps2_task.o
    0x08008cfc   0x08008cfc   0x00000038   Code   RO         7271    i.Pensation_init    chassisr_task.o
    0x08008d34   0x08008d34   0x00000048   Code   RO           15    i.PeriphCommonClock_Config  main.o
    0x08008d7c   0x08008d7c   0x00000164   Code   RO         2068    i.RCCEx_PLL2_Config  stm32h7xx_hal_rcc_ex.o
    0x08008ee0   0x08008ee0   0x00000164   Code   RO         2069    i.RCCEx_PLL3_Config  stm32h7xx_hal_rcc_ex.o
    0x08009044   0x08009044   0x0000012e   Code   RO         7344    i.RotationMatrix_update  mahony_filter.o
    0x08009172   0x08009172   0x00000002   PAD
    0x08009174   0x08009174   0x00000010   Code   RO          599    i.SPI2_IRQHandler   stm32h7xx_it.o
    0x08009184   0x08009184   0x000000d6   Code   RO         4950    i.SPI_CloseTransfer  stm32h7xx_hal_spi.o
    0x0800925a   0x0800925a   0x0000001c   Code   RO         4951    i.SPI_DMAAbortOnError  stm32h7xx_hal_spi.o
    0x08009276   0x08009276   0x0000001a   Code   RO         4961    i.SPI_GetPacketSize  stm32h7xx_hal_spi.o
    0x08009290   0x08009290   0x00000042   Code   RO         4968    i.SPI_WaitOnFlagUntilTimeout  stm32h7xx_hal_spi.o
    0x080092d2   0x080092d2   0x0000000a   Code   RO          293    i.StartDefaultTask  freertos.o
    0x080092dc   0x080092dc   0x00000034   Code   RO         6535    i.SysTick_Handler   port.o
    0x08009310   0x08009310   0x000000b4   Code   RO           16    i.SystemClock_Config  main.o
    0x080093c4   0x080093c4   0x0000010c   Code   RO         5255    i.SystemInit        system_stm32h7xx.o
    0x080094d0   0x080094d0   0x00000010   Code   RO          600    i.TIM2_IRQHandler   stm32h7xx_it.o
    0x080094e0   0x080094e0   0x000000e8   Code   RO          847    i.TIM_Base_SetConfig  stm32h7xx_hal_tim.o
    0x080095c8   0x080095c8   0x00000022   Code   RO          848    i.TIM_CCxChannelCmd  stm32h7xx_hal_tim.o
    0x080095ea   0x080095ea   0x00000002   PAD
    0x080095ec   0x080095ec   0x000000ac   Code   RO          860    i.TIM_OC1_SetConfig  stm32h7xx_hal_tim.o
    0x08009698   0x08009698   0x000000b4   Code   RO          861    i.TIM_OC2_SetConfig  stm32h7xx_hal_tim.o
    0x0800974c   0x0800974c   0x000000b4   Code   RO          862    i.TIM_OC3_SetConfig  stm32h7xx_hal_tim.o
    0x08009800   0x08009800   0x00000074   Code   RO          863    i.TIM_OC4_SetConfig  stm32h7xx_hal_tim.o
    0x08009874   0x08009874   0x00000070   Code   RO          864    i.TIM_OC5_SetConfig  stm32h7xx_hal_tim.o
    0x080098e4   0x080098e4   0x00000070   Code   RO          865    i.TIM_OC6_SetConfig  stm32h7xx_hal_tim.o
    0x08009954   0x08009954   0x00000004   Code   RO          601    i.UsageFault_Handler  stm32h7xx_it.o
    0x08009958   0x08009958   0x00000390   Code   RO         7725    i.VMC_calc_1_left   vmc_calc.o
    0x08009ce8   0x08009ce8   0x0000038c   Code   RO         7726    i.VMC_calc_1_right  vmc_calc.o
    0x0800a074   0x0800a074   0x0000019e   Code   RO         7727    i.VMC_calc_2        vmc_calc.o
    0x0800a212   0x0800a212   0x00000002   PAD
    0x0800a214   0x0800a214   0x00000038   Code   RO         7728    i.VMC_init          vmc_calc.o
    0x0800a24c   0x0800a24c   0x00000026   Code   RO         8322    i.__ARM_fpclassifyf  m_wv.l(fpclassifyf.o)
    0x0800a272   0x0800a272   0x00000002   PAD
    0x0800a274   0x0800a274   0x00000010   Code   RO         1803    i.__NVIC_GetPriorityGrouping  stm32h7xx_hal_cortex.o
    0x0800a284   0x0800a284   0x00000028   Code   RO         1804    i.__NVIC_SetPriority  stm32h7xx_hal_cortex.o
    0x0800a2ac   0x0800a2ac   0x00000138   Code   RO         8186    i.__hardfp_asinf    m_wv.l(asinf.o)
    0x0800a3e4   0x0800a3e4   0x000002b4   Code   RO         8198    i.__hardfp_atan2f   m_wv.l(atan2f.o)
    0x0800a698   0x0800a698   0x00000066   Code   RO         8210    i.__hardfp_sqrt     m_wv.l(sqrt.o)
    0x0800a6fe   0x0800a6fe   0x0000003a   Code   RO         8222    i.__hardfp_sqrtf    m_wv.l(sqrtf.o)
    0x0800a738   0x0800a738   0x00000006   Code   RO         8325    i.__mathlib_flt_infnan  m_wv.l(funder.o)
    0x0800a73e   0x0800a73e   0x00000006   Code   RO         8326    i.__mathlib_flt_infnan2  m_wv.l(funder.o)
    0x0800a744   0x0800a744   0x00000010   Code   RO         8327    i.__mathlib_flt_invalid  m_wv.l(funder.o)
    0x0800a754   0x0800a754   0x00000010   Code   RO         8330    i.__mathlib_flt_underflow  m_wv.l(funder.o)
    0x0800a764   0x0800a764   0x0000016c   Code   RO         6872    i.bmi088_accel_init  bmi088driver.o
    0x0800a8d0   0x0800a8d0   0x00000130   Code   RO         6873    i.bmi088_gyro_init  bmi088driver.o
    0x0800aa00   0x0800aa00   0x00000218   Code   RO         7211    i.chassisL_control_loop  chassisl_task.o
    0x0800ac18   0x0800ac18   0x0000005c   Code   RO         7212    i.chassisL_feedback_update  chassisl_task.o
    0x0800ac74   0x0800ac74   0x000002a0   Code   RO         7272    i.chassisR_control_loop  chassisr_task.o
    0x0800af14   0x0800af14   0x00000084   Code   RO         7273    i.chassisR_feedback_update  chassisr_task.o
    0x0800af98   0x0800af98   0x0000000a   Code   RO         6874    i.fabsf             bmi088driver.o
    0x0800afa2   0x0800afa2   0x00000032   Code   RO         6786    i.float_to_uint     motor.o
    0x0800afd4   0x0800afd4   0x00000038   Code   RO         7345    i.mahony_init       mahony_filter.o
    0x0800b00c   0x0800b00c   0x0000001e   Code   RO         7346    i.mahony_input      mahony_filter.o
    0x0800b02a   0x0800b02a   0x0000004a   Code   RO         7347    i.mahony_output     mahony_filter.o
    0x0800b074   0x0800b074   0x00000286   Code   RO         7348    i.mahony_update     mahony_filter.o
    0x0800b2fa   0x0800b2fa   0x00000002   PAD
    0x0800b2fc   0x0800b2fc   0x0000007c   Code   RO           17    i.main              main.o
    0x0800b378   0x0800b378   0x0000000e   Code   RO         6100    i.makeFreeRtosPriority  cmsis_os.o
    0x0800b386   0x0800b386   0x00000028   Code   RO         7275    i.mySaturate        chassisr_task.o
    0x0800b3ae   0x0800b3ae   0x00000018   Code   RO         6102    i.osDelay           cmsis_os.o
    0x0800b3c6   0x0800b3c6   0x0000000a   Code   RO         6105    i.osKernelStart     cmsis_os.o
    0x0800b3d0   0x0800b3d0   0x0000005e   Code   RO         6139    i.osThreadCreate    cmsis_os.o
    0x0800b42e   0x0800b42e   0x00000002   PAD
    0x0800b430   0x0800b430   0x00000098   Code   RO         5771    i.prvAddCurrentTaskToDelayedList  tasks.o
    0x0800b4c8   0x0800b4c8   0x000000b4   Code   RO         5772    i.prvAddNewTaskToReadyList  tasks.o
    0x0800b57c   0x0800b57c   0x00000048   Code   RO         5773    i.prvCheckTasksWaitingTermination  tasks.o
    0x0800b5c4   0x0800b5c4   0x00000050   Code   RO         5774    i.prvDeleteTCB      tasks.o
    0x0800b614   0x0800b614   0x0000007c   Code   RO         6467    i.prvHeapInit       heap_4.o
    0x0800b690   0x0800b690   0x00000028   Code   RO         5775    i.prvIdleTask       tasks.o
    0x0800b6b8   0x0800b6b8   0x000000b4   Code   RO         5776    i.prvInitialiseNewTask  tasks.o
    0x0800b76c   0x0800b76c   0x00000068   Code   RO         5777    i.prvInitialiseTaskLists  tasks.o
    0x0800b7d4   0x0800b7d4   0x00000068   Code   RO         6468    i.prvInsertBlockIntoFreeList  heap_4.o
    0x0800b83c   0x0800b83c   0x00000034   Code   RO         5778    i.prvResetNextTaskUnblockTime  tasks.o
    0x0800b870   0x0800b870   0x00000040   Code   RO         6536    i.prvTaskExitError  port.o
    0x0800b8b0   0x0800b8b0   0x0000005c   Code   RO         7095    i.pstwo_task        ps2_task.o
    0x0800b90c   0x0800b90c   0x0000014c   Code   RO         6469    i.pvPortMalloc      heap_4.o
    0x0800ba58   0x0800ba58   0x0000002c   Code   RO         6537    i.pxPortInitialiseStack  port.o
    0x0800ba84   0x0800ba84   0x00000074   Code   RO         7805    i.slope_following   user_lib.o
    0x0800baf8   0x0800baf8   0x0000003e   Code   RO         8224    i.sqrtf             m_wv.l(sqrtf.o)
    0x0800bb36   0x0800bb36   0x00000034   Code   RO         6787    i.uint_to_float     motor.o
    0x0800bb6a   0x0800bb6a   0x00000028   Code   RO         5397    i.uxListRemove      list.o
    0x0800bb92   0x0800bb92   0x00000002   PAD
    0x0800bb94   0x0800bb94   0x00000018   Code   RO          294    i.vApplicationGetIdleTaskMemory  freertos.o
    0x0800bbac   0x0800bbac   0x0000001a   Code   RO         5398    i.vListInitialise   list.o
    0x0800bbc6   0x0800bbc6   0x00000006   Code   RO         5399    i.vListInitialiseItem  list.o
    0x0800bbcc   0x0800bbcc   0x00000034   Code   RO         5400    i.vListInsert       list.o
    0x0800bc00   0x0800bc00   0x00000018   Code   RO         5401    i.vListInsertEnd    list.o
    0x0800bc18   0x0800bc18   0x00000054   Code   RO         6539    i.vPortEnterCritical  port.o
    0x0800bc6c   0x0800bc6c   0x0000003c   Code   RO         6540    i.vPortExitCritical  port.o
    0x0800bca8   0x0800bca8   0x000000a4   Code   RO         6470    i.vPortFree         heap_4.o
    0x0800bd4c   0x0800bd4c   0x00000028   Code   RO         6541    i.vPortSetupTimerInterrupt  port.o
    0x0800bd74   0x0800bd74   0x0000005c   Code   RO         5787    i.vTaskDelay        tasks.o
    0x0800bdd0   0x0800bdd0   0x000000b0   Code   RO         5800    i.vTaskStartScheduler  tasks.o
    0x0800be80   0x0800be80   0x00000010   Code   RO         5802    i.vTaskSuspendAll   tasks.o
    0x0800be90   0x0800be90   0x0000008c   Code   RO         5803    i.vTaskSwitchContext  tasks.o
    0x0800bf1c   0x0800bf1c   0x00000168   Code   RO         6543    i.xPortStartScheduler  port.o
    0x0800c084   0x0800c084   0x00000064   Code   RO         5806    i.xTaskCreate       tasks.o
    0x0800c0e8   0x0800c0e8   0x000000ba   Code   RO         5807    i.xTaskCreateStatic  tasks.o
    0x0800c1a2   0x0800c1a2   0x00000002   PAD
    0x0800c1a4   0x0800c1a4   0x00000148   Code   RO         5814    i.xTaskIncrementTick  tasks.o
    0x0800c2ec   0x0800c2ec   0x00000104   Code   RO         5820    i.xTaskResumeAll    tasks.o
    0x0800c3f0   0x0800c3f0   0x0000000a   Code   RO         8382    x$fpl$fpinit        fz_wv.l(fpinit.o)
    0x0800c3fa   0x0800c3fa   0x00000000   Code   RO         8321    x$fpl$usenofp       fz_wv.l(usenofp.o)
    0x0800c3fa   0x0800c3fa   0x00000002   PAD
    0x0800c3fc   0x0800c3fc   0x0000008c   Data   RO          296    .constdata          freertos.o
    0x0800c488   0x0800c488   0x00000008   Data   RO         2677    .constdata          stm32h7xx_hal_dma.o
    0x0800c490   0x0800c490   0x0000005c   Data   RO         4401    .constdata          stm32h7xx_hal_fdcan.o
    0x0800c4ec   0x0800c4ec   0x00000010   Data   RO         5256    .constdata          system_stm32h7xx.o
    0x0800c4fc   0x0800c4fc   0x0000000c   Data   RO         7215    .constdata          chassisl_task.o
    0x0800c508   0x0800c508   0x00000030   Data   RO         7278    .constdata          chassisr_task.o
    0x0800c538   0x0800c538   0x00000044   Data   RO          297    .conststring        freertos.o
    0x0800c57c   0x0800c57c   0x00000804   Data   RO         8092    .rodata.sinTable_f32  arm_cortexM7lfdp_math.lib(arm_common_tables.o)
    0x0800cd80   0x0800cd80   0x00000030   Data   RO         8473    Region$$Table       anon$$obj.o


    Execution Region RW_IRAM1 (Exec base: 0x20000000, Load base: 0x0800cdb0, Size: 0x00003c00, Max: 0x00020000, ABSOLUTE)

    Exec Addr    Load Addr    Size         Type   Attr      Idx    E Section Name        Object

    0x20000000        -       0x00003c00   Zero   RW         6475    .bss                heap_4.o


    Execution Region RW_IRAM2 (Exec base: 0x24000000, Load base: 0x0800cdb0, Size: 0x00001830, Max: 0x00020000, ABSOLUTE, COMPRESSED[0x000000d4])

    Exec Addr    Load Addr    Size         Type   Attr      Idx    E Section Name        Object

    0x24000000   COMPRESSED   0x00000014   Data   RW          298    .data               freertos.o
    0x24000014   COMPRESSED   0x00000004   Data   RW          432    .data               fdcan.o
    0x24000018   COMPRESSED   0x00000009   Data   RW         3409    .data               stm32h7xx_hal.o
    0x24000021   COMPRESSED   0x00000003   PAD
    0x24000024   COMPRESSED   0x00000008   Data   RW         5257    .data               system_stm32h7xx.o
    0x2400002c   COMPRESSED   0x0000003c   Data   RW         5823    .data               tasks.o
    0x24000068   COMPRESSED   0x00000020   Data   RW         6476    .data               heap_4.o
    0x24000088   COMPRESSED   0x0000000c   Data   RW         6544    .data               port.o
    0x24000094   COMPRESSED   0x00000060   Data   RW         6621    .data               bsp_can.o
    0x240000f4   COMPRESSED   0x00000004   PAD
    0x240000f8   COMPRESSED   0x00000040   Data   RW         6682    .data               bsp_dwt.o
    0x24000138   COMPRESSED   0x0000017c   Data   RW         6789    .data               motor.o
    0x240002b4   COMPRESSED   0x0000004a   Data   RW         6876    .data               bmi088driver.o
    0x240002fe   COMPRESSED   0x00000002   PAD
    0x24000300   COMPRESSED   0x00000004   Data   RW         6961    .data               bmi088middleware.o
    0x24000304   COMPRESSED   0x0000002d   Data   RW         7015    .data               ins_task.o
    0x24000331   COMPRESSED   0x00000003   PAD
    0x24000334   COMPRESSED   0x00000030   Data   RW         7097    .data               ps2_task.o
    0x24000364   COMPRESSED   0x00000035   Data   RW         7216    .data               chassisl_task.o
    0x24000399   COMPRESSED   0x00000003   PAD
    0x2400039c   COMPRESSED   0x00000039   Data   RW         7279    .data               chassisr_task.o
    0x240003d5   COMPRESSED   0x00000003   PAD
    0x240003d8   COMPRESSED   0x00000010   Data   RW         7731    .data               vmc_calc.o
    0x240003e8        -       0x00000254   Zero   RW          295    .bss                freertos.o
    0x2400063c        -       0x000001e0   Zero   RW          431    .bss                fdcan.o
    0x2400081c        -       0x00000178   Zero   RW          502    .bss                spi.o
    0x24000994        -       0x0000004c   Zero   RW          545    .bss                tim.o
    0x240009e0        -       0x0000004c   Zero   RW          716    .bss                stm32h7xx_hal_timebase_tim.o
    0x24000a2c        -       0x000000f0   Zero   RW         5822    .bss                tasks.o
    0x24000b1c        -       0x00000068   Zero   RW         6620    .bss                bsp_can.o
    0x24000b84        -       0x0000004c   Zero   RW         6875    .bss                bmi088driver.o
    0x24000bd0        -       0x00000130   Zero   RW         7014    .bss                ins_task.o
    0x24000d00        -       0x00000015   Zero   RW         7096    .bss                ps2_task.o
    0x24000d15   COMPRESSED   0x00000003   PAD
    0x24000d18        -       0x000000f8   Zero   RW         7214    .bss                chassisl_task.o
    0x24000e10        -       0x000003c0   Zero   RW         7277    .bss                chassisr_task.o
    0x240011d0        -       0x00000060   Zero   RW         8341    .bss                c_w.l(libspace.o)
    0x24001230        -       0x00000200   Zero   RW            2    HEAP                startup_stm32h723xx.o
    0x24001430        -       0x00000400   Zero   RW            1    STACK               startup_stm32h723xx.o


==============================================================================

Image component sizes


      Code (inc. data)   RO Data    RW Data    ZI Data      Debug   Object Name

      3420        210          0         74         76      15584   bmi088driver.o
       116         30          0          4          0       3380   bmi088middleware.o
       376         46          0         96        104       4926   bsp_can.o
       580        112          0         64          0       4686   bsp_dwt.o
      1048         90         12         53        248       4846   chassisl_task.o
      1468        160         48         57        960       7500   chassisr_task.o
       142          0          0          0          0      23207   cmsis_os.o
        68          4          0          0          0        910   dma.o
         0          0          0          0          0      16880   event_groups.o
       820         54          0          4        480       3469   fdcan.o
       242         36        208         20        596       6706   freertos.o
       384         16          0          0          0       1275   gpio.o
       724         74          0         32      15360       7599   heap_4.o
      1792        124          0         45        304       6049   ins_task.o
       148          0          0          0          0       3750   list.o
      1108         16          0          0          0       4569   mahony_filter.o
       400         18          0          0          0    1249416   main.o
      1698         78          0        380          0       9373   motor.o
       592          8          0          0          0       2558   pid.o
       894         78          0         12          0      11360   port.o
      1580        186          0         48         21      11065   ps2_task.o
       476         38          0          0        376       2159   spi.o
        72         30        716          0       1536        856   startup_stm32h723xx.o
       192         40          0          9          0      23762   stm32h7xx_hal.o
       258         22          0          0          0      39330   stm32h7xx_hal_cortex.o
      5786        118          8          0          0       9807   stm32h7xx_hal_dma.o
      3582         54         92          0          0      22964   stm32h7xx_hal_fdcan.o
       524         50          0          0          0       2947   stm32h7xx_hal_gpio.o
        48          6          0          0          0        958   stm32h7xx_hal_msp.o
        96          6          0          0          0        785   stm32h7xx_hal_pwr_ex.o
      3460        110          0          0          0       7094   stm32h7xx_hal_rcc.o
      3984         54          0          0          0       4732   stm32h7xx_hal_rcc_ex.o
      2544         32          0          0          0      10637   stm32h7xx_hal_spi.o
      2728        284          0          0          0      14729   stm32h7xx_hal_tim.o
       234         38          0          0          0       3352   stm32h7xx_hal_tim_ex.o
       160         18          0          0         76       1683   stm32h7xx_hal_timebase_tim.o
       134         42          0          0          0       6445   stm32h7xx_it.o
         0          0          0          0          0        392   stream_buffer.o
       304         38         16          8          0       1933   system_stm32h7xx.o
      2158        270          0         60        240      20737   tasks.o
       268         32          0          0         76       2483   tim.o
       116          0          0          0          0        622   user_lib.o
      2290         46          0         16          0       4397   vmc_calc.o

    ----------------------------------------------------------------------
     47058       2668       1148       1000      20456    1581912   Object Totals
         0          0         48          0          0          0   (incl. Generated)
        44          0          0         18          3          0   (incl. Padding)

    ----------------------------------------------------------------------

      Code (inc. data)   RO Data    RW Data    ZI Data      Debug   Library Member Name

         0          0       2052          0          0       4961   arm_common_tables.o
       144         12          0          0          0       1111   arm_cos_f32.o
       140         12          0          0          0       1098   arm_sin_f32.o
        90          0          0          0          0          0   __dczerorl2.o
         8          0          0          0          0         68   __main.o
         0          0          0          0          0          0   __rtentry.o
        12          0          0          0          0          0   __rtentry2.o
         6          0          0          0          0          0   __rtentry4.o
        52          8          0          0          0          0   __scatter.o
        28          0          0          0          0          0   __scatter_zi.o
        22          0          0          0          0        100   _rserrno.o
        18          0          0          0          0         80   exit.o
         6          0          0          0          0        152   heapauxi.o
         0          0          0          0          0          0   indicate_semi.o
         2          0          0          0          0          0   libinit.o
         6          0          0          0          0          0   libinit2.o
         2          0          0          0          0          0   libshutdown.o
         2          0          0          0          0          0   libshutdown2.o
         8          4          0          0         96         68   libspace.o
       238          0          0          0          0        100   lludivv7m.o
         8          4          0          0          0         68   rt_errno_addr_intlibspace.o
        78          0          0          0          0         80   rt_memclr_w.o
       100          0          0          0          0         80   rt_memcpy_w.o
         2          0          0          0          0          0   rtexit.o
        10          0          0          0          0          0   rtexit2.o
        12          4          0          0          0         68   sys_exit.o
        74          0          0          0          0         80   sys_stackheap_outer.o
         2          0          0          0          0         68   use_no_semi.o
        10          0          0          0          0        116   fpinit.o
         0          0          0          0          0          0   usenofp.o
       312         54          0          0          0        176   asinf.o
       692         98          0          0          0        208   atan2f.o
        38          0          0          0          0        116   fpclassifyf.o
        44         12          0          0          0        464   funder.o
       102          0          0          0          0        140   sqrt.o
       120          0          0          0          0        272   sqrtf.o

    ----------------------------------------------------------------------
      2398        208       2052          0         96       9674   Library Totals
        10          0          0          0          0          0   (incl. Padding)

    ----------------------------------------------------------------------

      Code (inc. data)   RO Data    RW Data    ZI Data      Debug   Library Name

       284         24       2052          0          0       7170   arm_cortexM7lfdp_math.lib
       786         20          0          0         96       1012   c_w.l
        10          0          0          0          0        116   fz_wv.l
      1308        164          0          0          0       1376   m_wv.l

    ----------------------------------------------------------------------
      2398        208       2052          0         96       9674   Library Totals

    ----------------------------------------------------------------------

==============================================================================


      Code (inc. data)   RO Data    RW Data    ZI Data      Debug   

     49456       2876       3200       1000      20552    1567454   Grand Totals
     49456       2876       3200        212      20552    1567454   ELF Image Totals (compressed)
     49456       2876       3200        212          0          0   ROM Totals

==============================================================================

    Total RO  Size (Code + RO Data)                52656 (  51.42kB)
    Total RW  Size (RW Data + ZI Data)             21552 (  21.05kB)
    Total ROM Size (Code + RO Data + RW Data)      52868 (  51.63kB)

==============================================================================

